[    1666ms] [LOG] Timestamp: 2026-06-11T18:18:41.876Z @ https://app.dev.dap.daedalusindustrial.com/_next/static/chunks/fddda99813b76125.js:0
[    1666ms] [LOG] Request Headers: {Accept: application/json, text/plain, */*, Content-Type: application/json} @ https://app.dev.dap.daedalusindustrial.com/_next/static/chunks/fddda99813b76125.js:0
[    1666ms] [LOG] Response: {statusCode: 200, message: Array(1), data: Object} @ https://app.dev.dap.daedalusindustrial.com/_next/static/chunks/fddda99813b76125.js:0
[    1666ms] [INFO] Timestamp: 2026-06-11T18:18:41.876Z @ https://app.dev.dap.daedalusindustrial.com/_next/static/chunks/d71642e308c712bf.js:0
[    1666ms] [INFO] Metadata: {requestId: req_1781201921438_0002, method: GET, url: /profile/me, status: 200, duration: 438} @ https://app.dev.dap.daedalusindustrial.com/_next/static/chunks/d71642e308c712bf.js:0
[    1723ms] [LOG] Timestamp: 2026-06-11T18:18:41.934Z @ https://app.dev.dap.daedalusindustrial.com/_next/static/chunks/fddda99813b76125.js:0
[    1723ms] [LOG] Request Headers: {Accept: application/json, text/plain, */*, Content-Type: application/json} @ https://app.dev.dap.daedalusindustrial.com/_next/static/chunks/fddda99813b76125.js:0
[    1724ms] [LOG] Response: {statusCode: 200, message: Array(1), data: Object} @ https://app.dev.dap.daedalusindustrial.com/_next/static/chunks/fddda99813b76125.js:0
[    1724ms] [INFO] Timestamp: 2026-06-11T18:18:41.934Z @ https://app.dev.dap.daedalusindustrial.com/_next/static/chunks/d71642e308c712bf.js:0
[    1724ms] [INFO] Metadata: {requestId: req_1781201921438_0003, method: GET, url: /home/dashboard, status: 200, duration: 496} @ https://app.dev.dap.daedalusindustrial.com/_next/static/chunks/d71642e308c712bf.js:0
[    1725ms] [LOG] Timestamp: 2026-06-11T18:18:41.936Z @ https://app.dev.dap.daedalusindustrial.com/_next/static/chunks/fddda99813b76125.js:0
[    1725ms] [LOG] Request Headers: {Accept: application/json, text/plain, */*, Content-Type: application/json} @ https://app.dev.dap.daedalusindustrial.com/_next/static/chunks/fddda99813b76125.js:0
[    1726ms] [LOG] Response: {statusCode: 200, message: Array(1), data: Object} @ https://app.dev.dap.daedalusindustrial.com/_next/static/chunks/fddda99813b76125.js:0
[    1726ms] [INFO] Timestamp: 2026-06-11T18:18:41.936Z @ https://app.dev.dap.daedalusindustrial.com/_next/static/chunks/d71642e308c712bf.js:0
[    1726ms] [INFO] Metadata: {requestId: req_1781201921438_0001, method: GET, url: /modules, status: 200, duration: 498} @ https://app.dev.dap.daedalusindustrial.com/_next/static/chunks/d71642e308c712bf.js:0
[    2068ms] [LOG] Timestamp: 2026-06-11T18:18:42.278Z @ https://app.dev.dap.daedalusindustrial.com/_next/static/chunks/fddda99813b76125.js:0
[    2068ms] [LOG] Request Headers: {Accept: application/json, text/plain, */*, Content-Type: application/json} @ https://app.dev.dap.daedalusindustrial.com/_next/static/chunks/fddda99813b76125.js:0
[    2068ms] [LOG] Response: {statusCode: 200, message: Array(1), data: Array(1)} @ https://app.dev.dap.daedalusindustrial.com/_next/static/chunks/fddda99813b76125.js:0
[    2068ms] [INFO] Timestamp: 2026-06-11T18:18:42.278Z @ https://app.dev.dap.daedalusindustrial.com/_next/static/chunks/d71642e308c712bf.js:0
[    2068ms] [INFO] Metadata: {requestId: req_1781201921904_0004, method: GET, url: /users/cmm2ha6c700013701kcw1i91f/companies, status: 200, duration: 374} @ https://app.dev.dap.daedalusindustrial.com/_next/static/chunks/d71642e308c712bf.js:0
[    2077ms] [LOG] Timestamp: 2026-06-11T18:18:42.287Z @ https://app.dev.dap.daedalusindustrial.com/_next/static/chunks/fddda99813b76125.js:0
[    2077ms] [LOG] Request Headers: {Accept: application/json, text/plain, */*, Content-Type: application/json} @ https://app.dev.dap.daedalusindustrial.com/_next/static/chunks/fddda99813b76125.js:0
[    2077ms] [LOG] Response: {statusCode: 200, message: Array(1), data: Array(21)} @ https://app.dev.dap.daedalusindustrial.com/_next/static/chunks/fddda99813b76125.js:0
[    2078ms] [INFO] Timestamp: 2026-06-11T18:18:42.287Z @ https://app.dev.dap.daedalusindustrial.com/_next/static/chunks/d71642e308c712bf.js:0
[    2078ms] [INFO] Metadata: {requestId: req_1781201921904_0006, method: GET, url: /users/cmm2ha6c700013701kcw1i91f/companies, status: 200, duration: 383} @ https://app.dev.dap.daedalusindustrial.com/_next/static/chunks/d71642e308c712bf.js:0
[    2099ms] [LOG] Timestamp: 2026-06-11T18:18:42.310Z @ https://app.dev.dap.daedalusindustrial.com/_next/static/chunks/fddda99813b76125.js:0
[    2099ms] [LOG] Request Headers: {Accept: application/json, text/plain, */*, Content-Type: application/json} @ https://app.dev.dap.daedalusindustrial.com/_next/static/chunks/fddda99813b76125.js:0
[    2099ms] [LOG] Response: {statusCode: 200, message: Array(1), data: Array(3)} @ https://app.dev.dap.daedalusindustrial.com/_next/static/chunks/fddda99813b76125.js:0
[    2100ms] [INFO] Timestamp: 2026-06-11T18:18:42.310Z @ https://app.dev.dap.daedalusindustrial.com/_next/static/chunks/d71642e308c712bf.js:0
[    2100ms] [INFO] Metadata: {requestId: req_1781201921904_0007, method: GET, url: /template/list/active, status: 200, duration: 406} @ https://app.dev.dap.daedalusindustrial.com/_next/static/chunks/d71642e308c712bf.js:0
[    2107ms] [LOG] Timestamp: 2026-06-11T18:18:42.317Z @ https://app.dev.dap.daedalusindustrial.com/_next/static/chunks/fddda99813b76125.js:0
[    2107ms] [LOG] Request Headers: {Accept: application/json, text/plain, */*, Content-Type: application/json} @ https://app.dev.dap.daedalusindustrial.com/_next/static/chunks/fddda99813b76125.js:0
[    2107ms] [LOG] Response: {statusCode: 200, message: Array(1), data: Array(21)} @ https://app.dev.dap.daedalusindustrial.com/_next/static/chunks/fddda99813b76125.js:0
[    2107ms] [INFO] Timestamp: 2026-06-11T18:18:42.317Z @ https://app.dev.dap.daedalusindustrial.com/_next/static/chunks/d71642e308c712bf.js:0
[    2107ms] [INFO] Metadata: {requestId: req_1781201921904_0005, method: GET, url: /states, status: 200, duration: 413} @ https://app.dev.dap.daedalusindustrial.com/_next/static/chunks/d71642e308c712bf.js:0
