[    6859ms] [LOG] AUTH0 TEMPLATE VERSION: 2026-02-16_FIREFOX_FIXED @ https://dev-kpdamjxcw4nxfhkz.us.auth0.com/login?state=hKFo2SBxUzFsWmFhdFUwYUNabVI2dlFjTlZUanZOR1JuLVo2Q6FupWxvZ2luo3RpZNkgR1V4WmkwREwxTmkwMjlVb2xXa0ZKQmViLXFOQ1cyREGjY2lk2SBueDJ1Q09jT0JtYUdVZ2RNNW5WT01QSXlHbjZJdzQ0cA&client=nx2uCOcOBmaGUgdM5nVOMPIyGn6Iw44p&protocol=oauth2&audience=https%3A%2F%2Fdev-kpdamjxcw4nxfhkz.us.auth0.com%2Fapi%2Fv2%2F&scope=openid%20profile%20email%20offline_access&redirect_uri=https%3A%2F%2Fapp.dev.dap.daedalusindustrial.com%2Fauth%2Fcallback&response_type=code&code_challenge=h96O9CwuF5DZQnjQD_ftGZS7GboDD5QuDBdxsPoSouM&code_challenge_method=S256&nonce=lqg5AaopTLeUw070UZaq0uR5BDD-iAa2VBquidHlrLc:950
[    7359ms] [LOG] Window loaded @ https://dev-kpdamjxcw4nxfhkz.us.auth0.com/login?state=hKFo2SBxUzFsWmFhdFUwYUNabVI2dlFjTlZUanZOR1JuLVo2Q6FupWxvZ2luo3RpZNkgR1V4WmkwREwxTmkwMjlVb2xXa0ZKQmViLXFOQ1cyREGjY2lk2SBueDJ1Q09jT0JtYUdVZ2RNNW5WT01QSXlHbjZJdzQ0cA&client=nx2uCOcOBmaGUgdM5nVOMPIyGn6Iw44p&protocol=oauth2&audience=https%3A%2F%2Fdev-kpdamjxcw4nxfhkz.us.auth0.com%2Fapi%2Fv2%2F&scope=openid%20profile%20email%20offline_access&redirect_uri=https%3A%2F%2Fapp.dev.dap.daedalusindustrial.com%2Fauth%2Fcallback&response_type=code&code_challenge=h96O9CwuF5DZQnjQD_ftGZS7GboDD5QuDBdxsPoSouM&code_challenge_method=S256&nonce=lqg5AaopTLeUw070UZaq0uR5BDD-iAa2VBquidHlrLc:1419
[    7407ms] [ERROR] Failed to load resource: the server responded with a status of 404 () @ https://dev-kpdamjxcw4nxfhkz.us.auth0.com/user/ssodata:0
[    7412ms] [WARNING] There was an error fetching the SSO data. This is expected - and not a problem - if the tenant has Seamless SSO enabled. If the tenant doesn't have Seamless SSO enabled, this could simply mean that there was a problem with the network. But, if a "Origin" error has been logged before this warning, please add "https://dev-kpdamjxcw4nxfhkz.us.auth0.com" to the "Allowed Web Origins" list in the Auth0 dashboard: https://manage.auth0.com/#/applications/nx2uCOcOBmaGUgdM5nVOMPIyGn6Iw44p/settings @ https://cdn.auth0.com/js/lock/14.2.3/lock.min.js:1
[    7432ms] [LOG] signin ready @ https://dev-kpdamjxcw4nxfhkz.us.auth0.com/login?state=hKFo2SBxUzFsWmFhdFUwYUNabVI2dlFjTlZUanZOR1JuLVo2Q6FupWxvZ2luo3RpZNkgR1V4WmkwREwxTmkwMjlVb2xXa0ZKQmViLXFOQ1cyREGjY2lk2SBueDJ1Q09jT0JtYUdVZ2RNNW5WT01QSXlHbjZJdzQ0cA&client=nx2uCOcOBmaGUgdM5nVOMPIyGn6Iw44p&protocol=oauth2&audience=https%3A%2F%2Fdev-kpdamjxcw4nxfhkz.us.auth0.com%2Fapi%2Fv2%2F&scope=openid%20profile%20email%20offline_access&redirect_uri=https%3A%2F%2Fapp.dev.dap.daedalusindustrial.com%2Fauth%2Fcallback&response_type=code&code_challenge=h96O9CwuF5DZQnjQD_ftGZS7GboDD5QuDBdxsPoSouM&code_challenge_method=S256&nonce=lqg5AaopTLeUw070UZaq0uR5BDD-iAa2VBquidHlrLc:1410
[    7648ms] [ERROR] Failed to load resource: the server responded with a status of 404 () @ https://dev-kpdamjxcw4nxfhkz.us.auth0.com/favicon.ico:0
[   30925ms] [ERROR] Failed to load resource: the server responded with a status of 404 () @ https://secure.gravatar.com/avatar/04fd41088d3125bbbf371bc5882de28f?d=404&s=160:0
[   31361ms] [ERROR] Failed to load resource: the server responded with a status of 404 () @ https://secure.gravatar.com/04fd41088d3125bbbf371bc5882de28f.json?callback=__jp0:0
[   38371ms] [LOG] Timestamp: 2026-06-23T18:36:43.112Z @ https://app.dev.dap.daedalusindustrial.com/_next/static/chunks/b6cca9468703ae41.js:0
[   38371ms] [LOG] Request Headers: {Accept: application/json, text/plain, */*, Content-Type: application/json} @ https://app.dev.dap.daedalusindustrial.com/_next/static/chunks/b6cca9468703ae41.js:0
[   38371ms] [LOG] Response: {statusCode: 200, message: Array(1), data: Object} @ https://app.dev.dap.daedalusindustrial.com/_next/static/chunks/b6cca9468703ae41.js:0
[   38372ms] [INFO] Timestamp: 2026-06-23T18:36:43.112Z @ https://app.dev.dap.daedalusindustrial.com/_next/static/chunks/d71642e308c712bf.js:0
[   38372ms] [INFO] Metadata: {requestId: req_1782239802619_0001, method: GET, url: /modules, status: 200, duration: 493} @ https://app.dev.dap.daedalusindustrial.com/_next/static/chunks/d71642e308c712bf.js:0
[   38405ms] [LOG] Timestamp: 2026-06-23T18:36:43.147Z @ https://app.dev.dap.daedalusindustrial.com/_next/static/chunks/b6cca9468703ae41.js:0
[   38405ms] [LOG] Request Headers: {Accept: application/json, text/plain, */*, Content-Type: application/json} @ https://app.dev.dap.daedalusindustrial.com/_next/static/chunks/b6cca9468703ae41.js:0
[   38406ms] [LOG] Response: {statusCode: 200, message: Array(1), data: Object} @ https://app.dev.dap.daedalusindustrial.com/_next/static/chunks/b6cca9468703ae41.js:0
[   38406ms] [INFO] Timestamp: 2026-06-23T18:36:43.147Z @ https://app.dev.dap.daedalusindustrial.com/_next/static/chunks/d71642e308c712bf.js:0
[   38406ms] [INFO] Metadata: {requestId: req_1782239802619_0002, method: GET, url: /profile/me, status: 200, duration: 528} @ https://app.dev.dap.daedalusindustrial.com/_next/static/chunks/d71642e308c712bf.js:0
[   38446ms] [LOG] Timestamp: 2026-06-23T18:36:43.187Z @ https://app.dev.dap.daedalusindustrial.com/_next/static/chunks/b6cca9468703ae41.js:0
[   38446ms] [LOG] Request Headers: {Accept: application/json, text/plain, */*, Content-Type: application/json} @ https://app.dev.dap.daedalusindustrial.com/_next/static/chunks/b6cca9468703ae41.js:0
[   38446ms] [LOG] Response: {statusCode: 200, message: Array(1), data: Object} @ https://app.dev.dap.daedalusindustrial.com/_next/static/chunks/b6cca9468703ae41.js:0
[   38446ms] [INFO] Timestamp: 2026-06-23T18:36:43.187Z @ https://app.dev.dap.daedalusindustrial.com/_next/static/chunks/d71642e308c712bf.js:0
[   38446ms] [INFO] Metadata: {requestId: req_1782239802619_0003, method: GET, url: /home/dashboard, status: 200, duration: 568} @ https://app.dev.dap.daedalusindustrial.com/_next/static/chunks/d71642e308c712bf.js:0
[   38819ms] [LOG] Timestamp: 2026-06-23T18:36:43.560Z @ https://app.dev.dap.daedalusindustrial.com/_next/static/chunks/b6cca9468703ae41.js:0
[   38819ms] [LOG] Request Headers: {Accept: application/json, text/plain, */*, Content-Type: application/json} @ https://app.dev.dap.daedalusindustrial.com/_next/static/chunks/b6cca9468703ae41.js:0
[   38819ms] [LOG] Response: {statusCode: 200, message: Array(1), data: Array(21)} @ https://app.dev.dap.daedalusindustrial.com/_next/static/chunks/b6cca9468703ae41.js:0
[   38819ms] [INFO] Timestamp: 2026-06-23T18:36:43.560Z @ https://app.dev.dap.daedalusindustrial.com/_next/static/chunks/d71642e308c712bf.js:0
[   38819ms] [INFO] Metadata: {requestId: req_1782239803180_0005, method: GET, url: /states, status: 200, duration: 380} @ https://app.dev.dap.daedalusindustrial.com/_next/static/chunks/d71642e308c712bf.js:0
[   38840ms] [LOG] Timestamp: 2026-06-23T18:36:43.581Z @ https://app.dev.dap.daedalusindustrial.com/_next/static/chunks/b6cca9468703ae41.js:0
[   38840ms] [LOG] Request Headers: {Accept: application/json, text/plain, */*, Content-Type: application/json} @ https://app.dev.dap.daedalusindustrial.com/_next/static/chunks/b6cca9468703ae41.js:0
[   38840ms] [LOG] Response: {statusCode: 200, message: Array(1), data: Array(21)} @ https://app.dev.dap.daedalusindustrial.com/_next/static/chunks/b6cca9468703ae41.js:0
[   38841ms] [INFO] Timestamp: 2026-06-23T18:36:43.581Z @ https://app.dev.dap.daedalusindustrial.com/_next/static/chunks/d71642e308c712bf.js:0
[   38841ms] [INFO] Metadata: {requestId: req_1782239803180_0006, method: GET, url: /users/cmm2ha6c700013701kcw1i91f/companies, status: 200, duration: 401} @ https://app.dev.dap.daedalusindustrial.com/_next/static/chunks/d71642e308c712bf.js:0
[   38915ms] [LOG] Timestamp: 2026-06-23T18:36:43.656Z @ https://app.dev.dap.daedalusindustrial.com/_next/static/chunks/b6cca9468703ae41.js:0
[   38915ms] [LOG] Request Headers: {Accept: application/json, text/plain, */*, Content-Type: application/json} @ https://app.dev.dap.daedalusindustrial.com/_next/static/chunks/b6cca9468703ae41.js:0
[   38915ms] [LOG] Response: {statusCode: 200, message: Array(1), data: Array(3)} @ https://app.dev.dap.daedalusindustrial.com/_next/static/chunks/b6cca9468703ae41.js:0
[   38916ms] [INFO] Timestamp: 2026-06-23T18:36:43.656Z @ https://app.dev.dap.daedalusindustrial.com/_next/static/chunks/d71642e308c712bf.js:0
[   38916ms] [INFO] Metadata: {requestId: req_1782239803180_0007, method: GET, url: /template/list/active, status: 200, duration: 476} @ https://app.dev.dap.daedalusindustrial.com/_next/static/chunks/d71642e308c712bf.js:0
[   39113ms] [LOG] Timestamp: 2026-06-23T18:36:43.855Z @ https://app.dev.dap.daedalusindustrial.com/_next/static/chunks/b6cca9468703ae41.js:0
[   39113ms] [LOG] Request Headers: {Accept: application/json, text/plain, */*, Content-Type: application/json} @ https://app.dev.dap.daedalusindustrial.com/_next/static/chunks/b6cca9468703ae41.js:0
[   39113ms] [LOG] Response: {statusCode: 200, message: Array(1), data: Array(1)} @ https://app.dev.dap.daedalusindustrial.com/_next/static/chunks/b6cca9468703ae41.js:0
[   39114ms] [INFO] Timestamp: 2026-06-23T18:36:43.855Z @ https://app.dev.dap.daedalusindustrial.com/_next/static/chunks/d71642e308c712bf.js:0
[   39114ms] [INFO] Metadata: {requestId: req_1782239803180_0004, method: GET, url: /users/cmm2ha6c700013701kcw1i91f/companies, status: 200, duration: 675} @ https://app.dev.dap.daedalusindustrial.com/_next/static/chunks/d71642e308c712bf.js:0
[   51879ms] [ERROR] Failed to load resource: the server responded with a status of 404 () @ https://app.dev.dap.daedalusindustrial.com/admin/orders?_rsc=3hd5j:0
[   74849ms] [ERROR] Failed to load resource: the server responded with a status of 404 () @ https://app.dev.dap.daedalusindustrial.com/admin/orders?_rsc=3hd5j:0
