[    1148ms] [LOG] Timestamp: 2026-06-24T16:51:42.588Z @ https://app.dev.dap.daedalusindustrial.com/_next/static/chunks/b6cca9468703ae41.js:0
[    1149ms] [LOG] Request Headers: {Accept: application/json, text/plain, */*, Content-Type: application/json} @ https://app.dev.dap.daedalusindustrial.com/_next/static/chunks/b6cca9468703ae41.js:0
[    1149ms] [LOG] Response: {statusCode: 200, message: Array(1), data: Object} @ https://app.dev.dap.daedalusindustrial.com/_next/static/chunks/b6cca9468703ae41.js:0
[    1149ms] [INFO] Timestamp: 2026-06-24T16:51:42.588Z @ https://app.dev.dap.daedalusindustrial.com/_next/static/chunks/d71642e308c712bf.js:0
[    1149ms] [INFO] Metadata: {requestId: req_1782319902133_0002, method: GET, url: /profile/me, status: 200, duration: 455} @ https://app.dev.dap.daedalusindustrial.com/_next/static/chunks/d71642e308c712bf.js:0
[    1165ms] [LOG] Timestamp: 2026-06-24T16:51:42.605Z @ https://app.dev.dap.daedalusindustrial.com/_next/static/chunks/b6cca9468703ae41.js:0
[    1165ms] [LOG] Request Headers: {Accept: application/json, text/plain, */*, Content-Type: application/json} @ https://app.dev.dap.daedalusindustrial.com/_next/static/chunks/b6cca9468703ae41.js:0
[    1165ms] [LOG] Response: {statusCode: 200, message: Array(1), data: Array(4)} @ https://app.dev.dap.daedalusindustrial.com/_next/static/chunks/b6cca9468703ae41.js:0
[    1166ms] [INFO] Timestamp: 2026-06-24T16:51:42.605Z @ https://app.dev.dap.daedalusindustrial.com/_next/static/chunks/d71642e308c712bf.js:0
[    1166ms] [INFO] Metadata: {requestId: req_1782319902133_0004, method: GET, url: /users/roles, status: 200, duration: 472} @ https://app.dev.dap.daedalusindustrial.com/_next/static/chunks/d71642e308c712bf.js:0
[    1168ms] [LOG] Timestamp: 2026-06-24T16:51:42.608Z @ https://app.dev.dap.daedalusindustrial.com/_next/static/chunks/b6cca9468703ae41.js:0
[    1168ms] [LOG] Request Headers: {Accept: application/json, text/plain, */*, Content-Type: application/json} @ https://app.dev.dap.daedalusindustrial.com/_next/static/chunks/b6cca9468703ae41.js:0
[    1168ms] [LOG] Response: {statusCode: 200, message: Array(1), data: Array(7)} @ https://app.dev.dap.daedalusindustrial.com/_next/static/chunks/b6cca9468703ae41.js:0
[    1168ms] [INFO] Timestamp: 2026-06-24T16:51:42.608Z @ https://app.dev.dap.daedalusindustrial.com/_next/static/chunks/d71642e308c712bf.js:0
[    1168ms] [INFO] Metadata: {requestId: req_1782319902133_0006, method: GET, url: /profile/job-functions, status: 200, duration: 475} @ https://app.dev.dap.daedalusindustrial.com/_next/static/chunks/d71642e308c712bf.js:0
[    1236ms] [LOG] Timestamp: 2026-06-24T16:51:42.675Z @ https://app.dev.dap.daedalusindustrial.com/_next/static/chunks/b6cca9468703ae41.js:0
[    1236ms] [LOG] Request Headers: {Accept: application/json, text/plain, */*, Content-Type: application/json} @ https://app.dev.dap.daedalusindustrial.com/_next/static/chunks/b6cca9468703ae41.js:0
[    1236ms] [LOG] Response: {statusCode: 200, message: Array(1), data: Object} @ https://app.dev.dap.daedalusindustrial.com/_next/static/chunks/b6cca9468703ae41.js:0
[    1236ms] [INFO] Timestamp: 2026-06-24T16:51:42.675Z @ https://app.dev.dap.daedalusindustrial.com/_next/static/chunks/d71642e308c712bf.js:0
[    1236ms] [INFO] Metadata: {requestId: req_1782319902133_0005, method: GET, url: /users/company, status: 200, duration: 542} @ https://app.dev.dap.daedalusindustrial.com/_next/static/chunks/d71642e308c712bf.js:0
[    1239ms] [LOG] Timestamp: 2026-06-24T16:51:42.680Z @ https://app.dev.dap.daedalusindustrial.com/_next/static/chunks/b6cca9468703ae41.js:0
[    1239ms] [LOG] Request Headers: {Accept: application/json, text/plain, */*, Content-Type: application/json} @ https://app.dev.dap.daedalusindustrial.com/_next/static/chunks/b6cca9468703ae41.js:0
[    1240ms] [LOG] Response: {statusCode: 200, message: Array(1), data: Object} @ https://app.dev.dap.daedalusindustrial.com/_next/static/chunks/b6cca9468703ae41.js:0
[    1240ms] [INFO] Timestamp: 2026-06-24T16:51:42.680Z @ https://app.dev.dap.daedalusindustrial.com/_next/static/chunks/d71642e308c712bf.js:0
[    1240ms] [INFO] Metadata: {requestId: req_1782319902133_0001, method: GET, url: /modules, status: 200, duration: 547} @ https://app.dev.dap.daedalusindustrial.com/_next/static/chunks/d71642e308c712bf.js:0
[    1282ms] [LOG] Timestamp: 2026-06-24T16:51:42.722Z @ https://app.dev.dap.daedalusindustrial.com/_next/static/chunks/b6cca9468703ae41.js:0
[    1282ms] [LOG] Request Headers: {Accept: application/json, text/plain, */*, Content-Type: application/json} @ https://app.dev.dap.daedalusindustrial.com/_next/static/chunks/b6cca9468703ae41.js:0
[    1282ms] [LOG] Response: {items: Array(10), pagination: Object} @ https://app.dev.dap.daedalusindustrial.com/_next/static/chunks/b6cca9468703ae41.js:0
[    1283ms] [INFO] Timestamp: 2026-06-24T16:51:42.722Z @ https://app.dev.dap.daedalusindustrial.com/_next/static/chunks/d71642e308c712bf.js:0
[    1283ms] [INFO] Metadata: {requestId: req_1782319902133_0003, method: GET, url: /users, status: 200, duration: 589} @ https://app.dev.dap.daedalusindustrial.com/_next/static/chunks/d71642e308c712bf.js:0
[    1582ms] [ERROR] Failed to load resource: the server responded with a status of 404 () @ https://app.dev.dap.daedalusindustrial.com/admin/orders?_rsc=1857c:0
