[    5078ms] [LOG] Timestamp: 2026-06-12T15:45:47.954Z @ https://app.dev.dap.daedalusindustrial.com/_next/static/chunks/b6cca9468703ae41.js:0
[    5078ms] [LOG] Request Headers: {Accept: application/json, text/plain, */*, Content-Type: application/json} @ https://app.dev.dap.daedalusindustrial.com/_next/static/chunks/b6cca9468703ae41.js:0
[    5078ms] [LOG] Response: {statusCode: 200, message: Array(1), data: Object} @ https://app.dev.dap.daedalusindustrial.com/_next/static/chunks/b6cca9468703ae41.js:0
[    5078ms] [INFO] Timestamp: 2026-06-12T15:45:47.954Z @ https://app.dev.dap.daedalusindustrial.com/_next/static/chunks/d71642e308c712bf.js:0
[    5078ms] [INFO] Metadata: {requestId: req_1781279146783_0001, method: GET, url: /modules, status: 200, duration: 1171} @ https://app.dev.dap.daedalusindustrial.com/_next/static/chunks/d71642e308c712bf.js:0
[    5092ms] [LOG] Timestamp: 2026-06-12T15:45:47.968Z @ https://app.dev.dap.daedalusindustrial.com/_next/static/chunks/b6cca9468703ae41.js:0
[    5092ms] [LOG] Request Headers: {Accept: application/json, text/plain, */*, Content-Type: application/json} @ https://app.dev.dap.daedalusindustrial.com/_next/static/chunks/b6cca9468703ae41.js:0
[    5092ms] [LOG] Response: {statusCode: 200, message: Array(1), data: Object} @ https://app.dev.dap.daedalusindustrial.com/_next/static/chunks/b6cca9468703ae41.js:0
[    5092ms] [INFO] Timestamp: 2026-06-12T15:45:47.968Z @ https://app.dev.dap.daedalusindustrial.com/_next/static/chunks/d71642e308c712bf.js:0
[    5092ms] [INFO] Metadata: {requestId: req_1781279146783_0002, method: GET, url: /profile/me, status: 200, duration: 1185} @ https://app.dev.dap.daedalusindustrial.com/_next/static/chunks/d71642e308c712bf.js:0
[    5250ms] [LOG] Timestamp: 2026-06-12T15:45:48.127Z @ https://app.dev.dap.daedalusindustrial.com/_next/static/chunks/b6cca9468703ae41.js:0
[    5250ms] [LOG] Request Headers: {Accept: application/json, text/plain, */*, Content-Type: application/json} @ https://app.dev.dap.daedalusindustrial.com/_next/static/chunks/b6cca9468703ae41.js:0
[    5250ms] [LOG] Response: {statusCode: 200, message: Array(1), data: Object} @ https://app.dev.dap.daedalusindustrial.com/_next/static/chunks/b6cca9468703ae41.js:0
[    5250ms] [INFO] Timestamp: 2026-06-12T15:45:48.127Z @ https://app.dev.dap.daedalusindustrial.com/_next/static/chunks/d71642e308c712bf.js:0
[    5251ms] [INFO] Metadata: {requestId: req_1781279146783_0003, method: GET, url: /home/dashboard, status: 200, duration: 1344} @ https://app.dev.dap.daedalusindustrial.com/_next/static/chunks/d71642e308c712bf.js:0
[    5513ms] [LOG] Timestamp: 2026-06-12T15:45:48.390Z @ https://app.dev.dap.daedalusindustrial.com/_next/static/chunks/b6cca9468703ae41.js:0
[    5513ms] [LOG] Request Headers: {Accept: application/json, text/plain, */*, Content-Type: application/json} @ https://app.dev.dap.daedalusindustrial.com/_next/static/chunks/b6cca9468703ae41.js:0
[    5513ms] [LOG] Response: {statusCode: 200, message: Array(1), data: Array(3)} @ https://app.dev.dap.daedalusindustrial.com/_next/static/chunks/b6cca9468703ae41.js:0
[    5514ms] [INFO] Timestamp: 2026-06-12T15:45:48.390Z @ https://app.dev.dap.daedalusindustrial.com/_next/static/chunks/d71642e308c712bf.js:0
[    5514ms] [INFO] Metadata: {requestId: req_1781279147994_0007, method: GET, url: /template/list/active, status: 200, duration: 396} @ https://app.dev.dap.daedalusindustrial.com/_next/static/chunks/d71642e308c712bf.js:0
[    5522ms] [LOG] Timestamp: 2026-06-12T15:45:48.398Z @ https://app.dev.dap.daedalusindustrial.com/_next/static/chunks/b6cca9468703ae41.js:0
[    5522ms] [LOG] Request Headers: {Accept: application/json, text/plain, */*, Content-Type: application/json} @ https://app.dev.dap.daedalusindustrial.com/_next/static/chunks/b6cca9468703ae41.js:0
[    5522ms] [LOG] Response: {statusCode: 200, message: Array(1), data: Array(21)} @ https://app.dev.dap.daedalusindustrial.com/_next/static/chunks/b6cca9468703ae41.js:0
[    5523ms] [INFO] Timestamp: 2026-06-12T15:45:48.398Z @ https://app.dev.dap.daedalusindustrial.com/_next/static/chunks/d71642e308c712bf.js:0
[    5523ms] [INFO] Metadata: {requestId: req_1781279147994_0006, method: GET, url: /users/cmm2ha6c700013701kcw1i91f/companies, status: 200, duration: 404} @ https://app.dev.dap.daedalusindustrial.com/_next/static/chunks/d71642e308c712bf.js:0
[    5587ms] [LOG] Timestamp: 2026-06-12T15:45:48.464Z @ https://app.dev.dap.daedalusindustrial.com/_next/static/chunks/b6cca9468703ae41.js:0
[    5587ms] [LOG] Request Headers: {Accept: application/json, text/plain, */*, Content-Type: application/json} @ https://app.dev.dap.daedalusindustrial.com/_next/static/chunks/b6cca9468703ae41.js:0
[    5587ms] [LOG] Response: {statusCode: 200, message: Array(1), data: Array(1)} @ https://app.dev.dap.daedalusindustrial.com/_next/static/chunks/b6cca9468703ae41.js:0
[    5588ms] [INFO] Timestamp: 2026-06-12T15:45:48.464Z @ https://app.dev.dap.daedalusindustrial.com/_next/static/chunks/d71642e308c712bf.js:0
[    5588ms] [INFO] Metadata: {requestId: req_1781279147994_0004, method: GET, url: /users/cmm2ha6c700013701kcw1i91f/companies, status: 200, duration: 470} @ https://app.dev.dap.daedalusindustrial.com/_next/static/chunks/d71642e308c712bf.js:0
[    5693ms] [LOG] Timestamp: 2026-06-12T15:45:48.570Z @ https://app.dev.dap.daedalusindustrial.com/_next/static/chunks/b6cca9468703ae41.js:0
[    5693ms] [LOG] Request Headers: {Accept: application/json, text/plain, */*, Content-Type: application/json} @ https://app.dev.dap.daedalusindustrial.com/_next/static/chunks/b6cca9468703ae41.js:0
[    5693ms] [LOG] Response: {statusCode: 200, message: Array(1), data: Array(21)} @ https://app.dev.dap.daedalusindustrial.com/_next/static/chunks/b6cca9468703ae41.js:0
[    5694ms] [INFO] Timestamp: 2026-06-12T15:45:48.570Z @ https://app.dev.dap.daedalusindustrial.com/_next/static/chunks/d71642e308c712bf.js:0
[    5694ms] [INFO] Metadata: {requestId: req_1781279147994_0005, method: GET, url: /states, status: 200, duration: 576} @ https://app.dev.dap.daedalusindustrial.com/_next/static/chunks/d71642e308c712bf.js:0
[   20227ms] [LOG] Timestamp: 2026-06-12T15:46:03.103Z @ https://app.dev.dap.daedalusindustrial.com/_next/static/chunks/b6cca9468703ae41.js:0
[   20227ms] [LOG] Request Headers: {Accept: application/json, text/plain, */*, Content-Type: application/json} @ https://app.dev.dap.daedalusindustrial.com/_next/static/chunks/b6cca9468703ae41.js:0
[   20227ms] [LOG] Response: {statusCode: 200, message: Array(1), data: Object} @ https://app.dev.dap.daedalusindustrial.com/_next/static/chunks/b6cca9468703ae41.js:0
[   20227ms] [INFO] Timestamp: 2026-06-12T15:46:03.103Z @ https://app.dev.dap.daedalusindustrial.com/_next/static/chunks/d71642e308c712bf.js:0
[   20227ms] [INFO] Metadata: {requestId: req_1781279162696_0008, method: GET, url: /template/panel-types/catalog, status: 200, duration: 407} @ https://app.dev.dap.daedalusindustrial.com/_next/static/chunks/d71642e308c712bf.js:0
[   20406ms] [LOG] Timestamp: 2026-06-12T15:46:03.282Z @ https://app.dev.dap.daedalusindustrial.com/_next/static/chunks/b6cca9468703ae41.js:0
[   20406ms] [LOG] Request Headers: {Accept: application/json, text/plain, */*, Content-Type: application/json} @ https://app.dev.dap.daedalusindustrial.com/_next/static/chunks/b6cca9468703ae41.js:0
[   20406ms] [LOG] Response: {statusCode: 200, message: Array(1), data: Object} @ https://app.dev.dap.daedalusindustrial.com/_next/static/chunks/b6cca9468703ae41.js:0
[   20406ms] [INFO] Timestamp: 2026-06-12T15:46:03.282Z @ https://app.dev.dap.daedalusindustrial.com/_next/static/chunks/d71642e308c712bf.js:0
[   20406ms] [INFO] Metadata: {requestId: req_1781279162696_0009, method: GET, url: /template/list/type, status: 200, duration: 586} @ https://app.dev.dap.daedalusindustrial.com/_next/static/chunks/d71642e308c712bf.js:0
[   86817ms] [LOG] Timestamp: 2026-06-12T15:47:09.694Z @ https://app.dev.dap.daedalusindustrial.com/_next/static/chunks/b6cca9468703ae41.js:0
[   86818ms] [LOG] Request Headers: {Accept: application/json, text/plain, */*, Content-Type: application/json} @ https://app.dev.dap.daedalusindustrial.com/_next/static/chunks/b6cca9468703ae41.js:0
[   86818ms] [LOG] Response: {statusCode: 200, message: Array(1), data: Object} @ https://app.dev.dap.daedalusindustrial.com/_next/static/chunks/b6cca9468703ae41.js:0
[   86818ms] [INFO] Timestamp: 2026-06-12T15:47:09.694Z @ https://app.dev.dap.daedalusindustrial.com/_next/static/chunks/d71642e308c712bf.js:0
[   86818ms] [INFO] Metadata: {requestId: req_1781279229149_0010, method: GET, url: /template/components/catalog, status: 200, duration: 545} @ https://app.dev.dap.daedalusindustrial.com/_next/static/chunks/d71642e308c712bf.js:0
[   86830ms] [LOG] Timestamp: 2026-06-12T15:47:09.706Z @ https://app.dev.dap.daedalusindustrial.com/_next/static/chunks/b6cca9468703ae41.js:0
[   86830ms] [LOG] Request Headers: {Accept: application/json, text/plain, */*, Content-Type: application/json} @ https://app.dev.dap.daedalusindustrial.com/_next/static/chunks/b6cca9468703ae41.js:0
[   86830ms] [LOG] Response: {statusCode: 200, message: Array(1), data: Object} @ https://app.dev.dap.daedalusindustrial.com/_next/static/chunks/b6cca9468703ae41.js:0
[   86831ms] [INFO] Timestamp: 2026-06-12T15:47:09.706Z @ https://app.dev.dap.daedalusindustrial.com/_next/static/chunks/d71642e308c712bf.js:0
[   86831ms] [INFO] Metadata: {requestId: req_1781279229149_0011, method: GET, url: /parts, status: 200, duration: 557} @ https://app.dev.dap.daedalusindustrial.com/_next/static/chunks/d71642e308c712bf.js:0
[  155002ms] [LOG] Timestamp: 2026-06-12T15:48:17.879Z @ https://app.dev.dap.daedalusindustrial.com/_next/static/chunks/b6cca9468703ae41.js:0
[  155002ms] [LOG] Request Headers: {Accept: application/json, text/plain, */*, Content-Type: application/json} @ https://app.dev.dap.daedalusindustrial.com/_next/static/chunks/b6cca9468703ae41.js:0
[  155003ms] [LOG] Response: {statusCode: 200, message: Array(1), data: Object} @ https://app.dev.dap.daedalusindustrial.com/_next/static/chunks/b6cca9468703ae41.js:0
[  155003ms] [INFO] Timestamp: 2026-06-12T15:48:17.879Z @ https://app.dev.dap.daedalusindustrial.com/_next/static/chunks/d71642e308c712bf.js:0
[  155003ms] [INFO] Metadata: {requestId: req_1781279297467_0012, method: GET, url: /template/components/catalog, status: 200, duration: 412} @ https://app.dev.dap.daedalusindustrial.com/_next/static/chunks/d71642e308c712bf.js:0
[ 2240141ms] [LOG] Timestamp: 2026-06-12T16:23:03.017Z @ https://app.dev.dap.daedalusindustrial.com/_next/static/chunks/b6cca9468703ae41.js:0
[ 2240141ms] [LOG] Request Body: {template: Object, sections: Array(2)} @ https://app.dev.dap.daedalusindustrial.com/_next/static/chunks/b6cca9468703ae41.js:0
[ 2240141ms] [LOG] Request Headers: {Accept: application/json, text/plain, */*, Content-Type: application/json} @ https://app.dev.dap.daedalusindustrial.com/_next/static/chunks/b6cca9468703ae41.js:0
[ 2240141ms] [LOG] Response: {statusCode: 200, message: Array(1), data: Object} @ https://app.dev.dap.daedalusindustrial.com/_next/static/chunks/b6cca9468703ae41.js:0
[ 2240142ms] [INFO] Timestamp: 2026-06-12T16:23:03.017Z @ https://app.dev.dap.daedalusindustrial.com/_next/static/chunks/d71642e308c712bf.js:0
[ 2240142ms] [INFO] Metadata: {requestId: req_1781281377776_0013, method: POST, url: /template/upsert, status: 200, duration: 5241} @ https://app.dev.dap.daedalusindustrial.com/_next/static/chunks/d71642e308c712bf.js:0
[ 2262245ms] [LOG] Timestamp: 2026-06-12T16:23:25.121Z @ https://app.dev.dap.daedalusindustrial.com/_next/static/chunks/b6cca9468703ae41.js:0
[ 2262245ms] [LOG] Request Headers: {Accept: application/json, text/plain, */*, Content-Type: application/json} @ https://app.dev.dap.daedalusindustrial.com/_next/static/chunks/b6cca9468703ae41.js:0
[ 2262245ms] [LOG] Response: {statusCode: 200, message: Array(1), data: Object} @ https://app.dev.dap.daedalusindustrial.com/_next/static/chunks/b6cca9468703ae41.js:0
[ 2262245ms] [INFO] Timestamp: 2026-06-12T16:23:25.121Z @ https://app.dev.dap.daedalusindustrial.com/_next/static/chunks/d71642e308c712bf.js:0
[ 2262245ms] [INFO] Metadata: {requestId: req_1781281404557_0014, method: GET, url: /modules, status: 200, duration: 564} @ https://app.dev.dap.daedalusindustrial.com/_next/static/chunks/d71642e308c712bf.js:0
[ 2262262ms] [LOG] Timestamp: 2026-06-12T16:23:25.139Z @ https://app.dev.dap.daedalusindustrial.com/_next/static/chunks/b6cca9468703ae41.js:0
[ 2262262ms] [LOG] Request Headers: {Accept: application/json, text/plain, */*, Content-Type: application/json} @ https://app.dev.dap.daedalusindustrial.com/_next/static/chunks/b6cca9468703ae41.js:0
[ 2262262ms] [LOG] Response: {statusCode: 200, message: Array(1), data: Object} @ https://app.dev.dap.daedalusindustrial.com/_next/static/chunks/b6cca9468703ae41.js:0
[ 2262262ms] [INFO] Timestamp: 2026-06-12T16:23:25.139Z @ https://app.dev.dap.daedalusindustrial.com/_next/static/chunks/d71642e308c712bf.js:0
[ 2262262ms] [INFO] Metadata: {requestId: req_1781281404557_0016, method: GET, url: /template/panel-types/catalog, status: 200, duration: 582} @ https://app.dev.dap.daedalusindustrial.com/_next/static/chunks/d71642e308c712bf.js:0
[ 2262312ms] [LOG] Timestamp: 2026-06-12T16:23:25.188Z @ https://app.dev.dap.daedalusindustrial.com/_next/static/chunks/b6cca9468703ae41.js:0
[ 2262312ms] [LOG] Request Headers: {Accept: application/json, text/plain, */*, Content-Type: application/json} @ https://app.dev.dap.daedalusindustrial.com/_next/static/chunks/b6cca9468703ae41.js:0
[ 2262312ms] [LOG] Response: {statusCode: 200, message: Array(1), data: Object} @ https://app.dev.dap.daedalusindustrial.com/_next/static/chunks/b6cca9468703ae41.js:0
[ 2262312ms] [INFO] Timestamp: 2026-06-12T16:23:25.188Z @ https://app.dev.dap.daedalusindustrial.com/_next/static/chunks/d71642e308c712bf.js:0
[ 2262312ms] [INFO] Metadata: {requestId: req_1781281404557_0015, method: GET, url: /profile/me, status: 200, duration: 631} @ https://app.dev.dap.daedalusindustrial.com/_next/static/chunks/d71642e308c712bf.js:0
[ 2262959ms] [LOG] Timestamp: 2026-06-12T16:23:25.835Z @ https://app.dev.dap.daedalusindustrial.com/_next/static/chunks/b6cca9468703ae41.js:0
[ 2262959ms] [LOG] Request Headers: {Accept: application/json, text/plain, */*, Content-Type: application/json} @ https://app.dev.dap.daedalusindustrial.com/_next/static/chunks/b6cca9468703ae41.js:0
[ 2262959ms] [LOG] Response: {statusCode: 200, message: Array(1), data: Object} @ https://app.dev.dap.daedalusindustrial.com/_next/static/chunks/b6cca9468703ae41.js:0
[ 2262960ms] [INFO] Timestamp: 2026-06-12T16:23:25.835Z @ https://app.dev.dap.daedalusindustrial.com/_next/static/chunks/d71642e308c712bf.js:0
[ 2262960ms] [INFO] Metadata: {requestId: req_1781281404557_0017, method: GET, url: /template/list/type, status: 200, duration: 1278} @ https://app.dev.dap.daedalusindustrial.com/_next/static/chunks/d71642e308c712bf.js:0
[ 2585123ms] [LOG] Timestamp: 2026-06-12T16:28:48.000Z @ https://app.dev.dap.daedalusindustrial.com/_next/static/chunks/b6cca9468703ae41.js:0
[ 2585123ms] [LOG] Request Headers: {Accept: application/json, text/plain, */*, Content-Type: application/json} @ https://app.dev.dap.daedalusindustrial.com/_next/static/chunks/b6cca9468703ae41.js:0
[ 2585123ms] [LOG] Response: {statusCode: 200, message: Array(1), data: Object} @ https://app.dev.dap.daedalusindustrial.com/_next/static/chunks/b6cca9468703ae41.js:0
[ 2585123ms] [INFO] Timestamp: 2026-06-12T16:28:48.000Z @ https://app.dev.dap.daedalusindustrial.com/_next/static/chunks/d71642e308c712bf.js:0
[ 2585124ms] [INFO] Metadata: {requestId: req_1781281727106_0018, method: GET, url: /template/find, status: 200, duration: 893} @ https://app.dev.dap.daedalusindustrial.com/_next/static/chunks/d71642e308c712bf.js:0
[ 2585641ms] [LOG] Timestamp: 2026-06-12T16:28:48.517Z @ https://app.dev.dap.daedalusindustrial.com/_next/static/chunks/b6cca9468703ae41.js:0
[ 2585641ms] [LOG] Request Headers: {Accept: application/json, text/plain, */*, Content-Type: application/json} @ https://app.dev.dap.daedalusindustrial.com/_next/static/chunks/b6cca9468703ae41.js:0
[ 2585642ms] [LOG] Response: {statusCode: 200, message: Array(1), data: Object} @ https://app.dev.dap.daedalusindustrial.com/_next/static/chunks/b6cca9468703ae41.js:0
[ 2585642ms] [INFO] Timestamp: 2026-06-12T16:28:48.517Z @ https://app.dev.dap.daedalusindustrial.com/_next/static/chunks/d71642e308c712bf.js:0
[ 2585642ms] [INFO] Metadata: {requestId: req_1781281728013_0021, method: GET, url: /parts, status: 200, duration: 504} @ https://app.dev.dap.daedalusindustrial.com/_next/static/chunks/d71642e308c712bf.js:0
[ 2585649ms] [LOG] Timestamp: 2026-06-12T16:28:48.525Z @ https://app.dev.dap.daedalusindustrial.com/_next/static/chunks/b6cca9468703ae41.js:0
[ 2585649ms] [LOG] Request Headers: {Accept: application/json, text/plain, */*, Content-Type: application/json} @ https://app.dev.dap.daedalusindustrial.com/_next/static/chunks/b6cca9468703ae41.js:0
[ 2585649ms] [LOG] Response: {statusCode: 200, message: Array(1), data: Object} @ https://app.dev.dap.daedalusindustrial.com/_next/static/chunks/b6cca9468703ae41.js:0
[ 2585649ms] [INFO] Timestamp: 2026-06-12T16:28:48.525Z @ https://app.dev.dap.daedalusindustrial.com/_next/static/chunks/d71642e308c712bf.js:0
[ 2585649ms] [INFO] Metadata: {requestId: req_1781281728013_0019, method: GET, url: /template/components/catalog, status: 200, duration: 512} @ https://app.dev.dap.daedalusindustrial.com/_next/static/chunks/d71642e308c712bf.js:0
[ 2585772ms] [LOG] Timestamp: 2026-06-12T16:28:48.648Z @ https://app.dev.dap.daedalusindustrial.com/_next/static/chunks/b6cca9468703ae41.js:0
[ 2585772ms] [LOG] Request Headers: {Accept: application/json, text/plain, */*, Content-Type: application/json} @ https://app.dev.dap.daedalusindustrial.com/_next/static/chunks/b6cca9468703ae41.js:0
[ 2585772ms] [LOG] Response: {statusCode: 200, message: Array(1), data: Object} @ https://app.dev.dap.daedalusindustrial.com/_next/static/chunks/b6cca9468703ae41.js:0
[ 2585772ms] [INFO] Timestamp: 2026-06-12T16:28:48.648Z @ https://app.dev.dap.daedalusindustrial.com/_next/static/chunks/d71642e308c712bf.js:0
[ 2585772ms] [INFO] Metadata: {requestId: req_1781281728013_0020, method: GET, url: /template/find, status: 200, duration: 635} @ https://app.dev.dap.daedalusindustrial.com/_next/static/chunks/d71642e308c712bf.js:0
