[    1037ms] [LOG] Timestamp: 2026-06-23T18:38:41.024Z @ https://app.dev.dap.daedalusindustrial.com/_next/static/chunks/b6cca9468703ae41.js:0
[    1037ms] [LOG] Request Headers: {Accept: application/json, text/plain, */*, Content-Type: application/json} @ https://app.dev.dap.daedalusindustrial.com/_next/static/chunks/b6cca9468703ae41.js:0
[    1037ms] [LOG] Response: {statusCode: 200, message: Array(1), data: Object} @ https://app.dev.dap.daedalusindustrial.com/_next/static/chunks/b6cca9468703ae41.js:0
[    1037ms] [INFO] Timestamp: 2026-06-23T18:38:41.024Z @ https://app.dev.dap.daedalusindustrial.com/_next/static/chunks/d71642e308c712bf.js:0
[    1037ms] [INFO] Metadata: {requestId: req_1782239920615_0001, method: GET, url: /modules, status: 200, duration: 409} @ https://app.dev.dap.daedalusindustrial.com/_next/static/chunks/d71642e308c712bf.js:0
[    1059ms] [LOG] Timestamp: 2026-06-23T18:38:41.046Z @ https://app.dev.dap.daedalusindustrial.com/_next/static/chunks/b6cca9468703ae41.js:0
[    1059ms] [LOG] Request Headers: {Accept: application/json, text/plain, */*, Content-Type: application/json} @ https://app.dev.dap.daedalusindustrial.com/_next/static/chunks/b6cca9468703ae41.js:0
[    1059ms] [LOG] Response: {statusCode: 200, message: Array(1), data: Object} @ https://app.dev.dap.daedalusindustrial.com/_next/static/chunks/b6cca9468703ae41.js:0
[    1059ms] [INFO] Timestamp: 2026-06-23T18:38:41.046Z @ https://app.dev.dap.daedalusindustrial.com/_next/static/chunks/d71642e308c712bf.js:0
[    1059ms] [INFO] Metadata: {requestId: req_1782239920615_0002, method: GET, url: /profile/me, status: 200, duration: 431} @ https://app.dev.dap.daedalusindustrial.com/_next/static/chunks/d71642e308c712bf.js:0
[    1308ms] [LOG] Timestamp: 2026-06-23T18:38:41.295Z @ https://app.dev.dap.daedalusindustrial.com/_next/static/chunks/b6cca9468703ae41.js:0
[    1308ms] [LOG] Request Headers: {Accept: application/json, text/plain, */*, Content-Type: application/json} @ https://app.dev.dap.daedalusindustrial.com/_next/static/chunks/b6cca9468703ae41.js:0
[    1308ms] [LOG] Response: {statusCode: 200, message: Array(1), data: Object} @ https://app.dev.dap.daedalusindustrial.com/_next/static/chunks/b6cca9468703ae41.js:0
[    1309ms] [INFO] Timestamp: 2026-06-23T18:38:41.295Z @ https://app.dev.dap.daedalusindustrial.com/_next/static/chunks/d71642e308c712bf.js:0
[    1309ms] [INFO] Metadata: {requestId: req_1782239920615_0004, method: GET, url: /companies, status: 200, duration: 680} @ https://app.dev.dap.daedalusindustrial.com/_next/static/chunks/d71642e308c712bf.js:0
[    1420ms] [ERROR] Failed to load resource: the server responded with a status of 404 () @ https://app.dev.dap.daedalusindustrial.com/admin/orders?_rsc=pwcwd:0
[    3966ms] [LOG] Timestamp: 2026-06-23T18:38:43.954Z @ https://app.dev.dap.daedalusindustrial.com/_next/static/chunks/b6cca9468703ae41.js:0
[    3967ms] [LOG] Request Headers: {Accept: application/json, text/plain, */*, Content-Type: application/json} @ https://app.dev.dap.daedalusindustrial.com/_next/static/chunks/b6cca9468703ae41.js:0
[    3967ms] [LOG] Response: {statusCode: 200, message: Array(1), data: Object} @ https://app.dev.dap.daedalusindustrial.com/_next/static/chunks/b6cca9468703ae41.js:0
[    3967ms] [INFO] Timestamp: 2026-06-23T18:38:43.954Z @ https://app.dev.dap.daedalusindustrial.com/_next/static/chunks/d71642e308c712bf.js:0
[    3967ms] [INFO] Metadata: {requestId: req_1782239921624_0005, method: GET, url: /companies, status: 200, duration: 2330} @ https://app.dev.dap.daedalusindustrial.com/_next/static/chunks/d71642e308c712bf.js:0
[    4201ms] [LOG] Timestamp: 2026-06-23T18:38:44.182Z @ https://app.dev.dap.daedalusindustrial.com/_next/static/chunks/b6cca9468703ae41.js:0
[    4201ms] [LOG] Request Headers: {Accept: application/json, text/plain, */*, Content-Type: application/json} @ https://app.dev.dap.daedalusindustrial.com/_next/static/chunks/b6cca9468703ae41.js:0
[    4201ms] [LOG] Response: {statusCode: 200, message: Array(1), data: Object} @ https://app.dev.dap.daedalusindustrial.com/_next/static/chunks/b6cca9468703ae41.js:0
[    4201ms] [INFO] Timestamp: 2026-06-23T18:38:44.182Z @ https://app.dev.dap.daedalusindustrial.com/_next/static/chunks/d71642e308c712bf.js:0
[    4201ms] [INFO] Metadata: {requestId: req_1782239920615_0003, method: GET, url: /standard/list, status: 200, duration: 3567} @ https://app.dev.dap.daedalusindustrial.com/_next/static/chunks/d71642e308c712bf.js:0
