[    1478ms] [LOG] Timestamp: 2026-06-23T19:51:50.428Z @ https://app.dev.dap.daedalusindustrial.com/_next/static/chunks/b6cca9468703ae41.js:0
[    1478ms] [LOG] Request Headers: {Accept: application/json, text/plain, */*, Content-Type: application/json} @ https://app.dev.dap.daedalusindustrial.com/_next/static/chunks/b6cca9468703ae41.js:0
[    1478ms] [LOG] Response: {statusCode: 200, message: Array(1), data: Array(4)} @ https://app.dev.dap.daedalusindustrial.com/_next/static/chunks/b6cca9468703ae41.js:0
[    1478ms] [INFO] Timestamp: 2026-06-23T19:51:50.428Z @ https://app.dev.dap.daedalusindustrial.com/_next/static/chunks/d71642e308c712bf.js:0
[    1478ms] [INFO] Metadata: {requestId: req_1782244309927_0004, method: GET, url: /users/roles, status: 200, duration: 501} @ https://app.dev.dap.daedalusindustrial.com/_next/static/chunks/d71642e308c712bf.js:0
[    1486ms] [LOG] Timestamp: 2026-06-23T19:51:50.436Z @ https://app.dev.dap.daedalusindustrial.com/_next/static/chunks/b6cca9468703ae41.js:0
[    1486ms] [LOG] Request Headers: {Accept: application/json, text/plain, */*, Content-Type: application/json} @ https://app.dev.dap.daedalusindustrial.com/_next/static/chunks/b6cca9468703ae41.js:0
[    1487ms] [LOG] Response: {statusCode: 200, message: Array(1), data: Object} @ https://app.dev.dap.daedalusindustrial.com/_next/static/chunks/b6cca9468703ae41.js:0
[    1487ms] [INFO] Timestamp: 2026-06-23T19:51:50.436Z @ https://app.dev.dap.daedalusindustrial.com/_next/static/chunks/d71642e308c712bf.js:0
[    1487ms] [INFO] Metadata: {requestId: req_1782244309927_0005, method: GET, url: /users/company, status: 200, duration: 509} @ https://app.dev.dap.daedalusindustrial.com/_next/static/chunks/d71642e308c712bf.js:0
[    1502ms] [LOG] Timestamp: 2026-06-23T19:51:50.452Z @ https://app.dev.dap.daedalusindustrial.com/_next/static/chunks/b6cca9468703ae41.js:0
[    1502ms] [LOG] Request Headers: {Accept: application/json, text/plain, */*, Content-Type: application/json} @ https://app.dev.dap.daedalusindustrial.com/_next/static/chunks/b6cca9468703ae41.js:0
[    1502ms] [LOG] Response: {statusCode: 200, message: Array(1), data: Array(7)} @ https://app.dev.dap.daedalusindustrial.com/_next/static/chunks/b6cca9468703ae41.js:0
[    1502ms] [INFO] Timestamp: 2026-06-23T19:51:50.452Z @ https://app.dev.dap.daedalusindustrial.com/_next/static/chunks/d71642e308c712bf.js:0
[    1502ms] [INFO] Metadata: {requestId: req_1782244309927_0006, method: GET, url: /profile/job-functions, status: 200, duration: 525} @ https://app.dev.dap.daedalusindustrial.com/_next/static/chunks/d71642e308c712bf.js:0
[    1504ms] [LOG] Timestamp: 2026-06-23T19:51:50.454Z @ https://app.dev.dap.daedalusindustrial.com/_next/static/chunks/b6cca9468703ae41.js:0
[    1504ms] [LOG] Request Headers: {Accept: application/json, text/plain, */*, Content-Type: application/json} @ https://app.dev.dap.daedalusindustrial.com/_next/static/chunks/b6cca9468703ae41.js:0
[    1504ms] [LOG] Response: {statusCode: 200, message: Array(1), data: Object} @ https://app.dev.dap.daedalusindustrial.com/_next/static/chunks/b6cca9468703ae41.js:0
[    1505ms] [INFO] Timestamp: 2026-06-23T19:51:50.454Z @ https://app.dev.dap.daedalusindustrial.com/_next/static/chunks/d71642e308c712bf.js:0
[    1505ms] [INFO] Metadata: {requestId: req_1782244309927_0001, method: GET, url: /modules, status: 200, duration: 527} @ https://app.dev.dap.daedalusindustrial.com/_next/static/chunks/d71642e308c712bf.js:0
[    1513ms] [LOG] Timestamp: 2026-06-23T19:51:50.464Z @ https://app.dev.dap.daedalusindustrial.com/_next/static/chunks/b6cca9468703ae41.js:0
[    1513ms] [LOG] Request Headers: {Accept: application/json, text/plain, */*, Content-Type: application/json} @ https://app.dev.dap.daedalusindustrial.com/_next/static/chunks/b6cca9468703ae41.js:0
[    1513ms] [LOG] Response: {statusCode: 200, message: Array(1), data: Object} @ https://app.dev.dap.daedalusindustrial.com/_next/static/chunks/b6cca9468703ae41.js:0
[    1514ms] [INFO] Timestamp: 2026-06-23T19:51:50.464Z @ https://app.dev.dap.daedalusindustrial.com/_next/static/chunks/d71642e308c712bf.js:0
[    1514ms] [INFO] Metadata: {requestId: req_1782244309927_0002, method: GET, url: /profile/me, status: 200, duration: 537} @ https://app.dev.dap.daedalusindustrial.com/_next/static/chunks/d71642e308c712bf.js:0
[    1519ms] [LOG] Timestamp: 2026-06-23T19:51:50.469Z @ https://app.dev.dap.daedalusindustrial.com/_next/static/chunks/b6cca9468703ae41.js:0
[    1519ms] [LOG] Request Headers: {Accept: application/json, text/plain, */*, Content-Type: application/json} @ https://app.dev.dap.daedalusindustrial.com/_next/static/chunks/b6cca9468703ae41.js:0
[    1519ms] [LOG] Response: {items: Array(10), pagination: Object} @ https://app.dev.dap.daedalusindustrial.com/_next/static/chunks/b6cca9468703ae41.js:0
[    1519ms] [INFO] Timestamp: 2026-06-23T19:51:50.469Z @ https://app.dev.dap.daedalusindustrial.com/_next/static/chunks/d71642e308c712bf.js:0
[    1519ms] [INFO] Metadata: {requestId: req_1782244309927_0003, method: GET, url: /users, status: 200, duration: 542} @ https://app.dev.dap.daedalusindustrial.com/_next/static/chunks/d71642e308c712bf.js:0
[    1915ms] [ERROR] Failed to load resource: the server responded with a status of 404 () @ https://app.dev.dap.daedalusindustrial.com/admin/orders?_rsc=1857c:0
[ 5941857ms] [ERROR] Failed to load resource: the server responded with a status of 409 () @ https://app.dev.dap.daedalusindustrial.com/api/users:0
[ 5941857ms] [LOG] Timestamp: 2026-06-23T21:30:50.808Z @ https://app.dev.dap.daedalusindustrial.com/_next/static/chunks/b6cca9468703ae41.js:0
[ 5941857ms] [LOG] Request Body: {fullName: Test Error Banner, email: randy.letona@designli.co, roleId: cmm17drqt0000uugo2d0wxj8n, phoneNumber: +1 555 000 0001, specialNotes: } @ https://app.dev.dap.daedalusindustrial.com/_next/static/chunks/b6cca9468703ae41.js:0
[ 5941858ms] [LOG] Request Headers: {Accept: application/json, text/plain, */*, Content-Type: application/json} @ https://app.dev.dap.daedalusindustrial.com/_next/static/chunks/b6cca9468703ae41.js:0
[ 5941858ms] [LOG] Response: {statusCode: 409, message: Array(1), error: Conflict} @ https://app.dev.dap.daedalusindustrial.com/_next/static/chunks/b6cca9468703ae41.js:0
[ 5941858ms] [WARNING] Axios message: Request failed with status code 409 @ https://app.dev.dap.daedalusindustrial.com/_next/static/chunks/b6cca9468703ae41.js:0
[ 5941858ms] [WARNING] Timestamp: 2026-06-23T21:30:50.808Z @ https://app.dev.dap.daedalusindustrial.com/_next/static/chunks/d71642e308c712bf.js:0
[ 5941858ms] [WARNING] Metadata: {requestId: req_1782250247973_0007, method: POST, url: /users, status: 409, duration: 2835} @ https://app.dev.dap.daedalusindustrial.com/_next/static/chunks/d71642e308c712bf.js:0
[ 5941884ms] [WARNING] Timestamp: 2026-06-23T21:30:50.834Z @ https://app.dev.dap.daedalusindustrial.com/_next/static/chunks/d71642e308c712bf.js:0
[ 5941884ms] [WARNING] Metadata: {stack: AxiosError: Request failed with status code 409
  …/_next/static/chunks/26225a3dfcdce617.js:1:28325), reason: undefined} @ https://app.dev.dap.daedalusindustrial.com/_next/static/chunks/d71642e308c712bf.js:0
[ 5941885ms] AxiosError: Request failed with status code 409
    at eU (https://app.dev.dap.daedalusindustrial.com/_next/static/chunks/b6cca9468703ae41.js:1:66196)
    at XMLHttpRequest.y (https://app.dev.dap.daedalusindustrial.com/_next/static/chunks/b6cca9468703ae41.js:1:70567)
    at tt.request (https://app.dev.dap.daedalusindustrial.com/_next/static/chunks/b6cca9468703ae41.js:1:79001)
    at async H (https://app.dev.dap.daedalusindustrial.com/_next/static/chunks/26225a3dfcdce617.js:1:28325)
[ 5942388ms] [LOG] Timestamp: 2026-06-23T21:30:51.339Z @ https://app.dev.dap.daedalusindustrial.com/_next/static/chunks/b6cca9468703ae41.js:0
[ 5942389ms] [LOG] Request Headers: {Accept: application/json, text/plain, */*, Content-Type: application/json} @ https://app.dev.dap.daedalusindustrial.com/_next/static/chunks/b6cca9468703ae41.js:0
[ 5942389ms] [LOG] Response: {items: Array(10), pagination: Object} @ https://app.dev.dap.daedalusindustrial.com/_next/static/chunks/b6cca9468703ae41.js:0
[ 5942389ms] [INFO] Timestamp: 2026-06-23T21:30:51.339Z @ https://app.dev.dap.daedalusindustrial.com/_next/static/chunks/d71642e308c712bf.js:0
[ 5942389ms] [INFO] Metadata: {requestId: req_1782250250810_0008, method: GET, url: /users, status: 200, duration: 529} @ https://app.dev.dap.daedalusindustrial.com/_next/static/chunks/d71642e308c712bf.js:0
