[    3966ms] [LOG] AUTH0 TEMPLATE VERSION: 2026-02-16_FIREFOX_FIXED @ https://dev-kpdamjxcw4nxfhkz.us.auth0.com/login?state=hKFo2SBlTmVtWElNbFRaenh0bDRZTXhodG5lbXhfWk03SkhTMKFupWxvZ2luo3RpZNkgRjlRb2dEZlFMLUNPU1RJSnJxN21hVE5sUXp1aGxQTEqjY2lk2SBueDJ1Q09jT0JtYUdVZ2RNNW5WT01QSXlHbjZJdzQ0cA&client=nx2uCOcOBmaGUgdM5nVOMPIyGn6Iw44p&protocol=oauth2&audience=https%3A%2F%2Fdev-kpdamjxcw4nxfhkz.us.auth0.com%2Fapi%2Fv2%2F&scope=openid%20profile%20email%20offline_access&redirect_uri=https%3A%2F%2Fapp.dev.dap.daedalusindustrial.com%2Fauth%2Fcallback&response_type=code&code_challenge=1t87jnPxU-CHp8r1xXs4obSKzT9qiMjlu1Gapry7IjY&code_challenge_method=S256&nonce=ooJzaSgSAEczA9XfsWWhHj2oV3h3OJD5JMfyDNP0uIM:950
[    4677ms] [ERROR] Failed to load resource: the server responded with a status of 404 () @ https://dev-kpdamjxcw4nxfhkz.us.auth0.com/user/ssodata:0
[    4682ms] [WARNING] There was an error fetching the SSO data. This is expected - and not a problem - if the tenant has Seamless SSO enabled. If the tenant doesn't have Seamless SSO enabled, this could simply mean that there was a problem with the network. But, if a "Origin" error has been logged before this warning, please add "https://dev-kpdamjxcw4nxfhkz.us.auth0.com" to the "Allowed Web Origins" list in the Auth0 dashboard: https://manage.auth0.com/#/applications/nx2uCOcOBmaGUgdM5nVOMPIyGn6Iw44p/settings @ https://cdn.auth0.com/js/lock/14.2.3/lock.min.js:1
[    4700ms] [LOG] signin ready @ https://dev-kpdamjxcw4nxfhkz.us.auth0.com/login?state=hKFo2SBlTmVtWElNbFRaenh0bDRZTXhodG5lbXhfWk03SkhTMKFupWxvZ2luo3RpZNkgRjlRb2dEZlFMLUNPU1RJSnJxN21hVE5sUXp1aGxQTEqjY2lk2SBueDJ1Q09jT0JtYUdVZ2RNNW5WT01QSXlHbjZJdzQ0cA&client=nx2uCOcOBmaGUgdM5nVOMPIyGn6Iw44p&protocol=oauth2&audience=https%3A%2F%2Fdev-kpdamjxcw4nxfhkz.us.auth0.com%2Fapi%2Fv2%2F&scope=openid%20profile%20email%20offline_access&redirect_uri=https%3A%2F%2Fapp.dev.dap.daedalusindustrial.com%2Fauth%2Fcallback&response_type=code&code_challenge=1t87jnPxU-CHp8r1xXs4obSKzT9qiMjlu1Gapry7IjY&code_challenge_method=S256&nonce=ooJzaSgSAEczA9XfsWWhHj2oV3h3OJD5JMfyDNP0uIM:1410
[    5690ms] [LOG] Window loaded @ https://dev-kpdamjxcw4nxfhkz.us.auth0.com/login?state=hKFo2SBlTmVtWElNbFRaenh0bDRZTXhodG5lbXhfWk03SkhTMKFupWxvZ2luo3RpZNkgRjlRb2dEZlFMLUNPU1RJSnJxN21hVE5sUXp1aGxQTEqjY2lk2SBueDJ1Q09jT0JtYUdVZ2RNNW5WT01QSXlHbjZJdzQ0cA&client=nx2uCOcOBmaGUgdM5nVOMPIyGn6Iw44p&protocol=oauth2&audience=https%3A%2F%2Fdev-kpdamjxcw4nxfhkz.us.auth0.com%2Fapi%2Fv2%2F&scope=openid%20profile%20email%20offline_access&redirect_uri=https%3A%2F%2Fapp.dev.dap.daedalusindustrial.com%2Fauth%2Fcallback&response_type=code&code_challenge=1t87jnPxU-CHp8r1xXs4obSKzT9qiMjlu1Gapry7IjY&code_challenge_method=S256&nonce=ooJzaSgSAEczA9XfsWWhHj2oV3h3OJD5JMfyDNP0uIM:1419
[    5971ms] [ERROR] Failed to load resource: the server responded with a status of 404 () @ https://dev-kpdamjxcw4nxfhkz.us.auth0.com/favicon.ico:0
[   19437ms] [LOG] signup ready @ https://dev-kpdamjxcw4nxfhkz.us.auth0.com/login?state=hKFo2SBlTmVtWElNbFRaenh0bDRZTXhodG5lbXhfWk03SkhTMKFupWxvZ2luo3RpZNkgRjlRb2dEZlFMLUNPU1RJSnJxN21hVE5sUXp1aGxQTEqjY2lk2SBueDJ1Q09jT0JtYUdVZ2RNNW5WT01QSXlHbjZJdzQ0cA&client=nx2uCOcOBmaGUgdM5nVOMPIyGn6Iw44p&protocol=oauth2&audience=https%3A%2F%2Fdev-kpdamjxcw4nxfhkz.us.auth0.com%2Fapi%2Fv2%2F&scope=openid%20profile%20email%20offline_access&redirect_uri=https%3A%2F%2Fapp.dev.dap.daedalusindustrial.com%2Fauth%2Fcallback&response_type=code&code_challenge=1t87jnPxU-CHp8r1xXs4obSKzT9qiMjlu1Gapry7IjY&code_challenge_method=S256&nonce=ooJzaSgSAEczA9XfsWWhHj2oV3h3OJD5JMfyDNP0uIM:1398
[   19439ms] [LOG] Password rules injected (ensurePasswordRulesInjected) @ https://dev-kpdamjxcw4nxfhkz.us.auth0.com/login?state=hKFo2SBlTmVtWElNbFRaenh0bDRZTXhodG5lbXhfWk03SkhTMKFupWxvZ2luo3RpZNkgRjlRb2dEZlFMLUNPU1RJSnJxN21hVE5sUXp1aGxQTEqjY2lk2SBueDJ1Q09jT0JtYUdVZ2RNNW5WT01QSXlHbjZJdzQ0cA&client=nx2uCOcOBmaGUgdM5nVOMPIyGn6Iw44p&protocol=oauth2&audience=https%3A%2F%2Fdev-kpdamjxcw4nxfhkz.us.auth0.com%2Fapi%2Fv2%2F&scope=openid%20profile%20email%20offline_access&redirect_uri=https%3A%2F%2Fapp.dev.dap.daedalusindustrial.com%2Fauth%2Fcallback&response_type=code&code_challenge=1t87jnPxU-CHp8r1xXs4obSKzT9qiMjlu1Gapry7IjY&code_challenge_method=S256&nonce=ooJzaSgSAEczA9XfsWWhHj2oV3h3OJD5JMfyDNP0uIM:1373
[   68741ms] [ERROR] Failed to load resource: the server responded with a status of 404 () @ https://secure.gravatar.com/avatar/aede00ba57c0944ac66691aca228b387?d=404&s=160:0
[   68741ms] [ERROR] Failed to load resource: the server responded with a status of 404 () @ https://secure.gravatar.com/aede00ba57c0944ac66691aca228b387.json?callback=__jp0:0
[   80156ms] [LOG] Signup successful: {Id: 6a3197c9a1eee124c238c520, email: e2e-explore-test@mailslurp.com, emailVerified: false} @ https://dev-kpdamjxcw4nxfhkz.us.auth0.com/login?state=hKFo2SBlTmVtWElNbFRaenh0bDRZTXhodG5lbXhfWk03SkhTMKFupWxvZ2luo3RpZNkgRjlRb2dEZlFMLUNPU1RJSnJxN21hVE5sUXp1aGxQTEqjY2lk2SBueDJ1Q09jT0JtYUdVZ2RNNW5WT01QSXlHbjZJdzQ0cA&client=nx2uCOcOBmaGUgdM5nVOMPIyGn6Iw44p&protocol=oauth2&audience=https%3A%2F%2Fdev-kpdamjxcw4nxfhkz.us.auth0.com%2Fapi%2Fv2%2F&scope=openid%20profile%20email%20offline_access&redirect_uri=https%3A%2F%2Fapp.dev.dap.daedalusindustrial.com%2Fauth%2Fcallback&response_type=code&code_challenge=1t87jnPxU-CHp8r1xXs4obSKzT9qiMjlu1Gapry7IjY&code_challenge_method=S256&nonce=ooJzaSgSAEczA9XfsWWhHj2oV3h3OJD5JMfyDNP0uIM:1053
[   86569ms] [LOG] TEMPLATE JS ERROR: Uncaught ReferenceError: header is not defined https://dev-kpdamjxcw4nxfhkz.us.auth0.com/login?state=hKFo2SBlTmVtWElNbFRaenh0bDRZTXhodG5lbXhfWk03SkhTMKFupWxvZ2luo3RpZNkgRjlRb2dEZlFMLUNPU1RJSnJxN21hVE5sUXp1aGxQTEqjY2lk2SBueDJ1Q09jT0JtYUdVZ2RNNW5WT01QSXlHbjZJdzQ0cA&client=nx2uCOcOBmaGUgdM5nVOMPIyGn6Iw44p&protocol=oauth2&audience=https%3A%2F%2Fdev-kpdamjxcw4nxfhkz.us.auth0.com%2Fapi%2Fv2%2F&scope=openid%20profile%20email%20offline_access&redirect_uri=https%3A%2F%2Fapp.dev.dap.daedalusindustrial.com%2Fauth%2Fcallback&response_type=code&code_challenge=1t87jnPxU-CHp8r1xXs4obSKzT9qiMjlu1Gapry7IjY&code_challenge_method=S256&nonce=ooJzaSgSAEczA9XfsWWhHj2oV3h3OJD5JMfyDNP0uIM 1107 31 @ https://dev-kpdamjxcw4nxfhkz.us.auth0.com/login?state=hKFo2SBlTmVtWElNbFRaenh0bDRZTXhodG5lbXhfWk03SkhTMKFupWxvZ2luo3RpZNkgRjlRb2dEZlFMLUNPU1RJSnJxN21hVE5sUXp1aGxQTEqjY2lk2SBueDJ1Q09jT0JtYUdVZ2RNNW5WT01QSXlHbjZJdzQ0cA&client=nx2uCOcOBmaGUgdM5nVOMPIyGn6Iw44p&protocol=oauth2&audience=https%3A%2F%2Fdev-kpdamjxcw4nxfhkz.us.auth0.com%2Fapi%2Fv2%2F&scope=openid%20profile%20email%20offline_access&redirect_uri=https%3A%2F%2Fapp.dev.dap.daedalusindustrial.com%2Fauth%2Fcallback&response_type=code&code_challenge=1t87jnPxU-CHp8r1xXs4obSKzT9qiMjlu1Gapry7IjY&code_challenge_method=S256&nonce=ooJzaSgSAEczA9XfsWWhHj2oV3h3OJD5JMfyDNP0uIM:953
[   86571ms] ReferenceError: header is not defined
    at https://dev-kpdamjxcw4nxfhkz.us.auth0.com/login?state=hKFo2SBlTmVtWElNbFRaenh0bDRZTXhodG5lbXhfWk03SkhTMKFupWxvZ2luo3RpZNkgRjlRb2dEZlFMLUNPU1RJSnJxN21hVE5sUXp1aGxQTEqjY2lk2SBueDJ1Q09jT0JtYUdVZ2RNNW5WT01QSXlHbjZJdzQ0cA&client=nx2uCOcOBmaGUgdM5nVOMPIyGn6Iw44p&protocol=oauth2&audience=https%3A%2F%2Fdev-kpdamjxcw4nxfhkz.us.auth0.com%2Fapi%2Fv2%2F&scope=openid%20profile%20email%20offline_access&redirect_uri=https%3A%2F%2Fapp.dev.dap.daedalusindustrial.com%2Fauth%2Fcallback&response_type=code&code_challenge=1t87jnPxU-CHp8r1xXs4obSKzT9qiMjlu1Gapry7IjY&code_challenge_method=S256&nonce=ooJzaSgSAEczA9XfsWWhHj2oV3h3OJD5JMfyDNP0uIM:1107:31
[   86833ms] [ERROR] Failed to load resource: the server responded with a status of 404 () @ https://secure.gravatar.com/avatar/aede00ba57c0944ac66691aca228b387?d=404&s=160:0
[   86834ms] [LOG] signin ready @ https://dev-kpdamjxcw4nxfhkz.us.auth0.com/login?state=hKFo2SBlTmVtWElNbFRaenh0bDRZTXhodG5lbXhfWk03SkhTMKFupWxvZ2luo3RpZNkgRjlRb2dEZlFMLUNPU1RJSnJxN21hVE5sUXp1aGxQTEqjY2lk2SBueDJ1Q09jT0JtYUdVZ2RNNW5WT01QSXlHbjZJdzQ0cA&client=nx2uCOcOBmaGUgdM5nVOMPIyGn6Iw44p&protocol=oauth2&audience=https%3A%2F%2Fdev-kpdamjxcw4nxfhkz.us.auth0.com%2Fapi%2Fv2%2F&scope=openid%20profile%20email%20offline_access&redirect_uri=https%3A%2F%2Fapp.dev.dap.daedalusindustrial.com%2Fauth%2Fcallback&response_type=code&code_challenge=1t87jnPxU-CHp8r1xXs4obSKzT9qiMjlu1Gapry7IjY&code_challenge_method=S256&nonce=ooJzaSgSAEczA9XfsWWhHj2oV3h3OJD5JMfyDNP0uIM:1410
[   87117ms] [ERROR] Failed to load resource: the server responded with a status of 404 () @ https://secure.gravatar.com/aede00ba57c0944ac66691aca228b387.json?callback=__jp1:0
[  128868ms] [LOG] Timestamp: 2026-06-16T18:37:45.953Z @ https://app.dev.dap.daedalusindustrial.com/_next/static/chunks/b6cca9468703ae41.js:0
[  128868ms] [LOG] Request Headers: {Accept: application/json, text/plain, */*, Content-Type: application/json} @ https://app.dev.dap.daedalusindustrial.com/_next/static/chunks/b6cca9468703ae41.js:0
[  128868ms] [LOG] Response: {statusCode: 200, message: Array(1), data: Array(7)} @ https://app.dev.dap.daedalusindustrial.com/_next/static/chunks/b6cca9468703ae41.js:0
[  128868ms] [INFO] Timestamp: 2026-06-16T18:37:45.953Z @ https://app.dev.dap.daedalusindustrial.com/_next/static/chunks/d71642e308c712bf.js:0
[  128868ms] [INFO] Metadata: {requestId: req_1781635064562_0001, method: GET, url: /profile/job-functions, status: 200, duration: 1391} @ https://app.dev.dap.daedalusindustrial.com/_next/static/chunks/d71642e308c712bf.js:0
[  319738ms] [ERROR] Access to fetch at 'https://dev-kpdamjxcw4nxfhkz.us.auth0.com/v2/logout?returnTo=https%3A%2F%2Fapp.dev.dap.daedalusindustrial.com&client_id=nx2uCOcOBmaGUgdM5nVOMPIyGn6Iw44p' (redirected from 'https://app.dev.dap.daedalusindustrial.com/auth/logout?_rsc=1vmce') from origin 'https://app.dev.dap.daedalusindustrial.com' has been blocked by CORS policy: Response to preflight request doesn't pass access control check: No 'Access-Control-Allow-Origin' header is present on the requested resource. @ https://app.dev.dap.daedalusindustrial.com/pending-approval/success:0
[  319739ms] [ERROR] Failed to load resource: net::ERR_FAILED @ https://dev-kpdamjxcw4nxfhkz.us.auth0.com/v2/logout?returnTo=https%3A%2F%2Fapp.dev.dap.daedalusindustrial.com&client_id=nx2uCOcOBmaGUgdM5nVOMPIyGn6Iw44p:0
[  319739ms] [ERROR] Failed to fetch RSC payload for https://app.dev.dap.daedalusindustrial.com/auth/logout. Falling back to browser navigation. TypeError: Failed to fetch
    at v (https://app.dev.dap.daedalusindustrial.com/_next/static/chunks/30be0d621991e49b.js:1:16510)
    at P (https://app.dev.dap.daedalusindustrial.com/_next/static/chunks/30be0d621991e49b.js:1:15320)
    at P (https://app.dev.dap.daedalusindustrial.com/_next/static/chunks/30be0d621991e49b.js:1:64493)
    at d (https://app.dev.dap.daedalusindustrial.com/_next/static/chunks/30be0d621991e49b.js:1:62301)
    at y (https://app.dev.dap.daedalusindustrial.com/_next/static/chunks/30be0d621991e49b.js:1:67405)
    at s (https://app.dev.dap.daedalusindustrial.com/_next/static/chunks/30be0d621991e49b.js:2:3627)
    at Object.action (https://app.dev.dap.daedalusindustrial.com/_next/static/chunks/30be0d621991e49b.js:2:6485)
    at g (https://app.dev.dap.daedalusindustrial.com/_next/static/chunks/30be0d621991e49b.js:2:5680)
    at https://app.dev.dap.daedalusindustrial.com/_next/static/chunks/30be0d621991e49b.js:2:6222
    at Object.dispatch (https://app.dev.dap.daedalusindustrial.com/_next/static/chunks/30be0d621991e49b.js:2:6445) @ https://app.dev.dap.daedalusindustrial.com/_next/static/chunks/30be0d621991e49b.js:0
[  322344ms] [LOG] AUTH0 TEMPLATE VERSION: 2026-02-16_FIREFOX_FIXED @ https://dev-kpdamjxcw4nxfhkz.us.auth0.com/login?state=hKFo2SB5aHo2UlFjejBSTktlNzNaQUxsMUNGX2VBOHFON1JCT6FupWxvZ2luo3RpZNkgUzgwYVFYYkpsR2NWVVhfMC1Td25oZjhYZE4ySk1feU2jY2lk2SBueDJ1Q09jT0JtYUdVZ2RNNW5WT01QSXlHbjZJdzQ0cA&client=nx2uCOcOBmaGUgdM5nVOMPIyGn6Iw44p&protocol=oauth2&audience=https%3A%2F%2Fdev-kpdamjxcw4nxfhkz.us.auth0.com%2Fapi%2Fv2%2F&scope=openid%20profile%20email%20offline_access&redirect_uri=https%3A%2F%2Fapp.dev.dap.daedalusindustrial.com%2Fauth%2Fcallback&response_type=code&code_challenge=6XiOd8efFAdAnbiuGOTDM3dfbIQY-YeXOvPuvFcoJPA&code_challenge_method=S256&nonce=_KiHjwq-MvzWrkXHGbMCC379Ra4WGnQ2lelcmCF4M-g:950
[  322948ms] [LOG] Window loaded @ https://dev-kpdamjxcw4nxfhkz.us.auth0.com/login?state=hKFo2SB5aHo2UlFjejBSTktlNzNaQUxsMUNGX2VBOHFON1JCT6FupWxvZ2luo3RpZNkgUzgwYVFYYkpsR2NWVVhfMC1Td25oZjhYZE4ySk1feU2jY2lk2SBueDJ1Q09jT0JtYUdVZ2RNNW5WT01QSXlHbjZJdzQ0cA&client=nx2uCOcOBmaGUgdM5nVOMPIyGn6Iw44p&protocol=oauth2&audience=https%3A%2F%2Fdev-kpdamjxcw4nxfhkz.us.auth0.com%2Fapi%2Fv2%2F&scope=openid%20profile%20email%20offline_access&redirect_uri=https%3A%2F%2Fapp.dev.dap.daedalusindustrial.com%2Fauth%2Fcallback&response_type=code&code_challenge=6XiOd8efFAdAnbiuGOTDM3dfbIQY-YeXOvPuvFcoJPA&code_challenge_method=S256&nonce=_KiHjwq-MvzWrkXHGbMCC379Ra4WGnQ2lelcmCF4M-g:1419
[  323163ms] [ERROR] Failed to load resource: the server responded with a status of 404 () @ https://dev-kpdamjxcw4nxfhkz.us.auth0.com/user/ssodata:0
[  323165ms] [WARNING] There was an error fetching the SSO data. This is expected - and not a problem - if the tenant has Seamless SSO enabled. If the tenant doesn't have Seamless SSO enabled, this could simply mean that there was a problem with the network. But, if a "Origin" error has been logged before this warning, please add "https://dev-kpdamjxcw4nxfhkz.us.auth0.com" to the "Allowed Web Origins" list in the Auth0 dashboard: https://manage.auth0.com/#/applications/nx2uCOcOBmaGUgdM5nVOMPIyGn6Iw44p/settings @ https://cdn.auth0.com/js/lock/14.2.3/lock.min.js:1
[  323174ms] [LOG] signin ready @ https://dev-kpdamjxcw4nxfhkz.us.auth0.com/login?state=hKFo2SB5aHo2UlFjejBSTktlNzNaQUxsMUNGX2VBOHFON1JCT6FupWxvZ2luo3RpZNkgUzgwYVFYYkpsR2NWVVhfMC1Td25oZjhYZE4ySk1feU2jY2lk2SBueDJ1Q09jT0JtYUdVZ2RNNW5WT01QSXlHbjZJdzQ0cA&client=nx2uCOcOBmaGUgdM5nVOMPIyGn6Iw44p&protocol=oauth2&audience=https%3A%2F%2Fdev-kpdamjxcw4nxfhkz.us.auth0.com%2Fapi%2Fv2%2F&scope=openid%20profile%20email%20offline_access&redirect_uri=https%3A%2F%2Fapp.dev.dap.daedalusindustrial.com%2Fauth%2Fcallback&response_type=code&code_challenge=6XiOd8efFAdAnbiuGOTDM3dfbIQY-YeXOvPuvFcoJPA&code_challenge_method=S256&nonce=_KiHjwq-MvzWrkXHGbMCC379Ra4WGnQ2lelcmCF4M-g:1410
[  328904ms] [ERROR] Failed to load resource: the server responded with a status of 404 () @ https://secure.gravatar.com/avatar/04fd41088d3125bbbf371bc5882de28f?d=404&s=160:0
[  329309ms] [ERROR] Failed to load resource: the server responded with a status of 404 () @ https://secure.gravatar.com/04fd41088d3125bbbf371bc5882de28f.json?callback=__jp0:0
[  337555ms] [LOG] Timestamp: 2026-06-16T18:41:14.640Z @ https://app.dev.dap.daedalusindustrial.com/_next/static/chunks/b6cca9468703ae41.js:0
[  337555ms] [LOG] Request Headers: {Accept: application/json, text/plain, */*, Content-Type: application/json} @ https://app.dev.dap.daedalusindustrial.com/_next/static/chunks/b6cca9468703ae41.js:0
[  337555ms] [LOG] Response: {statusCode: 200, message: Array(1), data: Object} @ https://app.dev.dap.daedalusindustrial.com/_next/static/chunks/b6cca9468703ae41.js:0
[  337556ms] [INFO] Timestamp: 2026-06-16T18:41:14.640Z @ https://app.dev.dap.daedalusindustrial.com/_next/static/chunks/d71642e308c712bf.js:0
[  337556ms] [INFO] Metadata: {requestId: req_1781635274191_0001, method: GET, url: /modules, status: 200, duration: 449} @ https://app.dev.dap.daedalusindustrial.com/_next/static/chunks/d71642e308c712bf.js:0
[  337633ms] [LOG] Timestamp: 2026-06-16T18:41:14.719Z @ https://app.dev.dap.daedalusindustrial.com/_next/static/chunks/b6cca9468703ae41.js:0
[  337634ms] [LOG] Request Headers: {Accept: application/json, text/plain, */*, Content-Type: application/json} @ https://app.dev.dap.daedalusindustrial.com/_next/static/chunks/b6cca9468703ae41.js:0
[  337634ms] [LOG] Response: {statusCode: 200, message: Array(1), data: Object} @ https://app.dev.dap.daedalusindustrial.com/_next/static/chunks/b6cca9468703ae41.js:0
[  337634ms] [INFO] Timestamp: 2026-06-16T18:41:14.719Z @ https://app.dev.dap.daedalusindustrial.com/_next/static/chunks/d71642e308c712bf.js:0
[  337634ms] [INFO] Metadata: {requestId: req_1781635274191_0002, method: GET, url: /profile/me, status: 200, duration: 527} @ https://app.dev.dap.daedalusindustrial.com/_next/static/chunks/d71642e308c712bf.js:0
[  337867ms] [LOG] Timestamp: 2026-06-16T18:41:14.952Z @ https://app.dev.dap.daedalusindustrial.com/_next/static/chunks/b6cca9468703ae41.js:0
[  337867ms] [LOG] Request Headers: {Accept: application/json, text/plain, */*, Content-Type: application/json} @ https://app.dev.dap.daedalusindustrial.com/_next/static/chunks/b6cca9468703ae41.js:0
[  337867ms] [LOG] Response: {statusCode: 200, message: Array(1), data: Object} @ https://app.dev.dap.daedalusindustrial.com/_next/static/chunks/b6cca9468703ae41.js:0
[  337868ms] [INFO] Timestamp: 2026-06-16T18:41:14.952Z @ https://app.dev.dap.daedalusindustrial.com/_next/static/chunks/d71642e308c712bf.js:0
[  337868ms] [INFO] Metadata: {requestId: req_1781635274191_0003, method: GET, url: /home/dashboard, status: 200, duration: 761} @ https://app.dev.dap.daedalusindustrial.com/_next/static/chunks/d71642e308c712bf.js:0
[  338364ms] [LOG] Timestamp: 2026-06-16T18:41:15.449Z @ https://app.dev.dap.daedalusindustrial.com/_next/static/chunks/b6cca9468703ae41.js:0
[  338364ms] [LOG] Request Headers: {Accept: application/json, text/plain, */*, Content-Type: application/json} @ https://app.dev.dap.daedalusindustrial.com/_next/static/chunks/b6cca9468703ae41.js:0
[  338364ms] [LOG] Response: {statusCode: 200, message: Array(1), data: Array(3)} @ https://app.dev.dap.daedalusindustrial.com/_next/static/chunks/b6cca9468703ae41.js:0
[  338364ms] [INFO] Timestamp: 2026-06-16T18:41:15.449Z @ https://app.dev.dap.daedalusindustrial.com/_next/static/chunks/d71642e308c712bf.js:0
[  338364ms] [INFO] Metadata: {requestId: req_1781635274753_0007, method: GET, url: /template/list/active, status: 200, duration: 696} @ https://app.dev.dap.daedalusindustrial.com/_next/static/chunks/d71642e308c712bf.js:0
[  338382ms] [LOG] Timestamp: 2026-06-16T18:41:15.467Z @ https://app.dev.dap.daedalusindustrial.com/_next/static/chunks/b6cca9468703ae41.js:0
[  338382ms] [LOG] Request Headers: {Accept: application/json, text/plain, */*, Content-Type: application/json} @ https://app.dev.dap.daedalusindustrial.com/_next/static/chunks/b6cca9468703ae41.js:0
[  338383ms] [LOG] Response: {statusCode: 200, message: Array(1), data: Array(21)} @ https://app.dev.dap.daedalusindustrial.com/_next/static/chunks/b6cca9468703ae41.js:0
[  338383ms] [INFO] Timestamp: 2026-06-16T18:41:15.467Z @ https://app.dev.dap.daedalusindustrial.com/_next/static/chunks/d71642e308c712bf.js:0
[  338384ms] [INFO] Metadata: {requestId: req_1781635274753_0006, method: GET, url: /users/cmm2ha6c700013701kcw1i91f/companies, status: 200, duration: 714} @ https://app.dev.dap.daedalusindustrial.com/_next/static/chunks/d71642e308c712bf.js:0
[  338467ms] [LOG] Timestamp: 2026-06-16T18:41:15.553Z @ https://app.dev.dap.daedalusindustrial.com/_next/static/chunks/b6cca9468703ae41.js:0
[  338468ms] [LOG] Request Headers: {Accept: application/json, text/plain, */*, Content-Type: application/json} @ https://app.dev.dap.daedalusindustrial.com/_next/static/chunks/b6cca9468703ae41.js:0
[  338468ms] [LOG] Response: {statusCode: 200, message: Array(1), data: Array(21)} @ https://app.dev.dap.daedalusindustrial.com/_next/static/chunks/b6cca9468703ae41.js:0
[  338468ms] [INFO] Timestamp: 2026-06-16T18:41:15.553Z @ https://app.dev.dap.daedalusindustrial.com/_next/static/chunks/d71642e308c712bf.js:0
[  338468ms] [INFO] Metadata: {requestId: req_1781635274753_0005, method: GET, url: /states, status: 200, duration: 800} @ https://app.dev.dap.daedalusindustrial.com/_next/static/chunks/d71642e308c712bf.js:0
[  338574ms] [LOG] Timestamp: 2026-06-16T18:41:15.659Z @ https://app.dev.dap.daedalusindustrial.com/_next/static/chunks/b6cca9468703ae41.js:0
[  338574ms] [LOG] Request Headers: {Accept: application/json, text/plain, */*, Content-Type: application/json} @ https://app.dev.dap.daedalusindustrial.com/_next/static/chunks/b6cca9468703ae41.js:0
[  338574ms] [LOG] Response: {statusCode: 200, message: Array(1), data: Array(1)} @ https://app.dev.dap.daedalusindustrial.com/_next/static/chunks/b6cca9468703ae41.js:0
[  338574ms] [INFO] Timestamp: 2026-06-16T18:41:15.659Z @ https://app.dev.dap.daedalusindustrial.com/_next/static/chunks/d71642e308c712bf.js:0
[  338574ms] [INFO] Metadata: {requestId: req_1781635274753_0004, method: GET, url: /users/cmm2ha6c700013701kcw1i91f/companies, status: 200, duration: 906} @ https://app.dev.dap.daedalusindustrial.com/_next/static/chunks/d71642e308c712bf.js:0
