[    1957ms] [LOG] AUTH0 TEMPLATE VERSION: 2026-02-16_FIREFOX_FIXED @ https://dev-kpdamjxcw4nxfhkz.us.auth0.com/login?state=hKFo2SBrSHpGRUxGeWxuSGdldW1ZRlRPdy1JN0Y0a3g2dWxJWKFupWxvZ2luo3RpZNkgMG0wRGhmZUppUG54dmYzTFdSLU45MERzemNyZzRJbzKjY2lk2SBueDJ1Q09jT0JtYUdVZ2RNNW5WT01QSXlHbjZJdzQ0cA&client=nx2uCOcOBmaGUgdM5nVOMPIyGn6Iw44p&protocol=oauth2&audience=https%3A%2F%2Fdev-kpdamjxcw4nxfhkz.us.auth0.com%2Fapi%2Fv2%2F&scope=openid%20profile%20email%20offline_access&redirect_uri=https%3A%2F%2Fapp.dev.dap.daedalusindustrial.com%2Fauth%2Fcallback&response_type=code&code_challenge=Rw-1CTK9FAYKoajEYBZtChRgNuntbptZllTZogCz2KU&code_challenge_method=S256&nonce=s_VWwE-vXgTN3NsqrSGdaQa1Nf3HCk_TqkL3BVl0n9E:950
[    2498ms] [ERROR] Failed to load resource: the server responded with a status of 404 () @ https://dev-kpdamjxcw4nxfhkz.us.auth0.com/user/ssodata:0
[    2499ms] [WARNING] There was an error fetching the SSO data. This is expected - and not a problem - if the tenant has Seamless SSO enabled. If the tenant doesn't have Seamless SSO enabled, this could simply mean that there was a problem with the network. But, if a "Origin" error has been logged before this warning, please add "https://dev-kpdamjxcw4nxfhkz.us.auth0.com" to the "Allowed Web Origins" list in the Auth0 dashboard: https://manage.auth0.com/#/applications/nx2uCOcOBmaGUgdM5nVOMPIyGn6Iw44p/settings @ https://cdn.auth0.com/js/lock/14.2.3/lock.min.js:1
[    2508ms] [LOG] signin ready @ https://dev-kpdamjxcw4nxfhkz.us.auth0.com/login?state=hKFo2SBrSHpGRUxGeWxuSGdldW1ZRlRPdy1JN0Y0a3g2dWxJWKFupWxvZ2luo3RpZNkgMG0wRGhmZUppUG54dmYzTFdSLU45MERzemNyZzRJbzKjY2lk2SBueDJ1Q09jT0JtYUdVZ2RNNW5WT01QSXlHbjZJdzQ0cA&client=nx2uCOcOBmaGUgdM5nVOMPIyGn6Iw44p&protocol=oauth2&audience=https%3A%2F%2Fdev-kpdamjxcw4nxfhkz.us.auth0.com%2Fapi%2Fv2%2F&scope=openid%20profile%20email%20offline_access&redirect_uri=https%3A%2F%2Fapp.dev.dap.daedalusindustrial.com%2Fauth%2Fcallback&response_type=code&code_challenge=Rw-1CTK9FAYKoajEYBZtChRgNuntbptZllTZogCz2KU&code_challenge_method=S256&nonce=s_VWwE-vXgTN3NsqrSGdaQa1Nf3HCk_TqkL3BVl0n9E:1410
[    3104ms] [LOG] Window loaded @ https://dev-kpdamjxcw4nxfhkz.us.auth0.com/login?state=hKFo2SBrSHpGRUxGeWxuSGdldW1ZRlRPdy1JN0Y0a3g2dWxJWKFupWxvZ2luo3RpZNkgMG0wRGhmZUppUG54dmYzTFdSLU45MERzemNyZzRJbzKjY2lk2SBueDJ1Q09jT0JtYUdVZ2RNNW5WT01QSXlHbjZJdzQ0cA&client=nx2uCOcOBmaGUgdM5nVOMPIyGn6Iw44p&protocol=oauth2&audience=https%3A%2F%2Fdev-kpdamjxcw4nxfhkz.us.auth0.com%2Fapi%2Fv2%2F&scope=openid%20profile%20email%20offline_access&redirect_uri=https%3A%2F%2Fapp.dev.dap.daedalusindustrial.com%2Fauth%2Fcallback&response_type=code&code_challenge=Rw-1CTK9FAYKoajEYBZtChRgNuntbptZllTZogCz2KU&code_challenge_method=S256&nonce=s_VWwE-vXgTN3NsqrSGdaQa1Nf3HCk_TqkL3BVl0n9E:1419
[    3452ms] [ERROR] Failed to load resource: the server responded with a status of 404 () @ https://dev-kpdamjxcw4nxfhkz.us.auth0.com/favicon.ico:0
[   11690ms] [ERROR] Failed to load resource: the server responded with a status of 404 () @ https://secure.gravatar.com/avatar/04fd41088d3125bbbf371bc5882de28f?d=404&s=160:0
[   12104ms] [ERROR] Failed to load resource: the server responded with a status of 404 () @ https://secure.gravatar.com/04fd41088d3125bbbf371bc5882de28f.json?callback=__jp0:0
[   17609ms] [LOG] Timestamp: 2026-06-11T17:57:38.453Z @ https://app.dev.dap.daedalusindustrial.com/_next/static/chunks/fddda99813b76125.js:0
[   17609ms] [LOG] Request Headers: {Accept: application/json, text/plain, */*, Content-Type: application/json} @ https://app.dev.dap.daedalusindustrial.com/_next/static/chunks/fddda99813b76125.js:0
[   17609ms] [LOG] Response: {statusCode: 200, message: Array(1), data: Object} @ https://app.dev.dap.daedalusindustrial.com/_next/static/chunks/fddda99813b76125.js:0
[   17609ms] [INFO] Timestamp: 2026-06-11T17:57:38.453Z @ https://app.dev.dap.daedalusindustrial.com/_next/static/chunks/d71642e308c712bf.js:0
[   17609ms] [INFO] Metadata: {requestId: req_1781200658036_0003, method: GET, url: /home/dashboard, status: 200, duration: 417} @ https://app.dev.dap.daedalusindustrial.com/_next/static/chunks/d71642e308c712bf.js:0
[   17615ms] [LOG] Timestamp: 2026-06-11T17:57:38.460Z @ https://app.dev.dap.daedalusindustrial.com/_next/static/chunks/fddda99813b76125.js:0
[   17616ms] [LOG] Request Headers: {Accept: application/json, text/plain, */*, Content-Type: application/json} @ https://app.dev.dap.daedalusindustrial.com/_next/static/chunks/fddda99813b76125.js:0
[   17616ms] [LOG] Response: {statusCode: 200, message: Array(1), data: Object} @ https://app.dev.dap.daedalusindustrial.com/_next/static/chunks/fddda99813b76125.js:0
[   17616ms] [INFO] Timestamp: 2026-06-11T17:57:38.460Z @ https://app.dev.dap.daedalusindustrial.com/_next/static/chunks/d71642e308c712bf.js:0
[   17616ms] [INFO] Metadata: {requestId: req_1781200658036_0001, method: GET, url: /modules, status: 200, duration: 424} @ https://app.dev.dap.daedalusindustrial.com/_next/static/chunks/d71642e308c712bf.js:0
[   17629ms] [LOG] Timestamp: 2026-06-11T17:57:38.474Z @ https://app.dev.dap.daedalusindustrial.com/_next/static/chunks/fddda99813b76125.js:0
[   17629ms] [LOG] Request Headers: {Accept: application/json, text/plain, */*, Content-Type: application/json} @ https://app.dev.dap.daedalusindustrial.com/_next/static/chunks/fddda99813b76125.js:0
[   17629ms] [LOG] Response: {statusCode: 200, message: Array(1), data: Object} @ https://app.dev.dap.daedalusindustrial.com/_next/static/chunks/fddda99813b76125.js:0
[   17630ms] [INFO] Timestamp: 2026-06-11T17:57:38.474Z @ https://app.dev.dap.daedalusindustrial.com/_next/static/chunks/d71642e308c712bf.js:0
[   17630ms] [INFO] Metadata: {requestId: req_1781200658036_0002, method: GET, url: /profile/me, status: 200, duration: 438} @ https://app.dev.dap.daedalusindustrial.com/_next/static/chunks/d71642e308c712bf.js:0
[   18089ms] [LOG] Timestamp: 2026-06-11T17:57:38.933Z @ https://app.dev.dap.daedalusindustrial.com/_next/static/chunks/fddda99813b76125.js:0
[   18089ms] [LOG] Request Headers: {Accept: application/json, text/plain, */*, Content-Type: application/json} @ https://app.dev.dap.daedalusindustrial.com/_next/static/chunks/fddda99813b76125.js:0
[   18089ms] [LOG] Response: {statusCode: 200, message: Array(1), data: Array(21)} @ https://app.dev.dap.daedalusindustrial.com/_next/static/chunks/fddda99813b76125.js:0
[   18090ms] [INFO] Timestamp: 2026-06-11T17:57:38.933Z @ https://app.dev.dap.daedalusindustrial.com/_next/static/chunks/d71642e308c712bf.js:0
[   18090ms] [INFO] Metadata: {requestId: req_1781200658540_0007, method: GET, url: /users/cmm2ha6c700013701kcw1i91f/companies, status: 200, duration: 393} @ https://app.dev.dap.daedalusindustrial.com/_next/static/chunks/d71642e308c712bf.js:0
[   18097ms] [LOG] Timestamp: 2026-06-11T17:57:38.942Z @ https://app.dev.dap.daedalusindustrial.com/_next/static/chunks/fddda99813b76125.js:0
[   18097ms] [LOG] Request Headers: {Accept: application/json, text/plain, */*, Content-Type: application/json} @ https://app.dev.dap.daedalusindustrial.com/_next/static/chunks/fddda99813b76125.js:0
[   18098ms] [LOG] Response: {statusCode: 200, message: Array(1), data: Array(1)} @ https://app.dev.dap.daedalusindustrial.com/_next/static/chunks/fddda99813b76125.js:0
[   18098ms] [INFO] Timestamp: 2026-06-11T17:57:38.942Z @ https://app.dev.dap.daedalusindustrial.com/_next/static/chunks/d71642e308c712bf.js:0
[   18098ms] [INFO] Metadata: {requestId: req_1781200658540_0006, method: GET, url: /users/cmm2ha6c700013701kcw1i91f/companies, status: 200, duration: 402} @ https://app.dev.dap.daedalusindustrial.com/_next/static/chunks/d71642e308c712bf.js:0
[   18204ms] [LOG] Timestamp: 2026-06-11T17:57:39.048Z @ https://app.dev.dap.daedalusindustrial.com/_next/static/chunks/fddda99813b76125.js:0
[   18204ms] [LOG] Request Headers: {Accept: application/json, text/plain, */*, Content-Type: application/json} @ https://app.dev.dap.daedalusindustrial.com/_next/static/chunks/fddda99813b76125.js:0
[   18204ms] [LOG] Response: {statusCode: 200, message: Array(1), data: Array(3)} @ https://app.dev.dap.daedalusindustrial.com/_next/static/chunks/fddda99813b76125.js:0
[   18204ms] [INFO] Timestamp: 2026-06-11T17:57:39.048Z @ https://app.dev.dap.daedalusindustrial.com/_next/static/chunks/d71642e308c712bf.js:0
[   18204ms] [INFO] Metadata: {requestId: req_1781200658540_0005, method: GET, url: /template/list/active, status: 200, duration: 508} @ https://app.dev.dap.daedalusindustrial.com/_next/static/chunks/d71642e308c712bf.js:0
[   18363ms] [LOG] Timestamp: 2026-06-11T17:57:39.208Z @ https://app.dev.dap.daedalusindustrial.com/_next/static/chunks/fddda99813b76125.js:0
[   18363ms] [LOG] Request Headers: {Accept: application/json, text/plain, */*, Content-Type: application/json} @ https://app.dev.dap.daedalusindustrial.com/_next/static/chunks/fddda99813b76125.js:0
[   18364ms] [LOG] Response: {statusCode: 200, message: Array(1), data: Array(21)} @ https://app.dev.dap.daedalusindustrial.com/_next/static/chunks/fddda99813b76125.js:0
[   18364ms] [INFO] Timestamp: 2026-06-11T17:57:39.208Z @ https://app.dev.dap.daedalusindustrial.com/_next/static/chunks/d71642e308c712bf.js:0
[   18364ms] [INFO] Metadata: {requestId: req_1781200658540_0004, method: GET, url: /states, status: 200, duration: 668} @ https://app.dev.dap.daedalusindustrial.com/_next/static/chunks/d71642e308c712bf.js:0
[   44115ms] [LOG] Timestamp: 2026-06-11T17:58:04.959Z @ https://app.dev.dap.daedalusindustrial.com/_next/static/chunks/fddda99813b76125.js:0
[   44115ms] [LOG] Request Headers: {Accept: application/json, text/plain, */*, Content-Type: application/json} @ https://app.dev.dap.daedalusindustrial.com/_next/static/chunks/fddda99813b76125.js:0
[   44115ms] [LOG] Response: {statusCode: 200, message: Array(1), data: Object} @ https://app.dev.dap.daedalusindustrial.com/_next/static/chunks/fddda99813b76125.js:0
[   44115ms] [INFO] Timestamp: 2026-06-11T17:58:04.959Z @ https://app.dev.dap.daedalusindustrial.com/_next/static/chunks/d71642e308c712bf.js:0
[   44115ms] [INFO] Metadata: {requestId: req_1781200684451_0008, method: GET, url: /parts/manufacturers, status: 200, duration: 508} @ https://app.dev.dap.daedalusindustrial.com/_next/static/chunks/d71642e308c712bf.js:0
[   44121ms] [LOG] Timestamp: 2026-06-11T17:58:04.965Z @ https://app.dev.dap.daedalusindustrial.com/_next/static/chunks/fddda99813b76125.js:0
[   44121ms] [LOG] Request Headers: {Accept: application/json, text/plain, */*, Content-Type: application/json} @ https://app.dev.dap.daedalusindustrial.com/_next/static/chunks/fddda99813b76125.js:0
[   44121ms] [LOG] Response: {statusCode: 200, message: Array(1), data: Object} @ https://app.dev.dap.daedalusindustrial.com/_next/static/chunks/fddda99813b76125.js:0
[   44121ms] [INFO] Timestamp: 2026-06-11T17:58:04.965Z @ https://app.dev.dap.daedalusindustrial.com/_next/static/chunks/d71642e308c712bf.js:0
[   44121ms] [INFO] Metadata: {requestId: req_1781200684451_0009, method: GET, url: /parts/families, status: 200, duration: 514} @ https://app.dev.dap.daedalusindustrial.com/_next/static/chunks/d71642e308c712bf.js:0
[   44129ms] [LOG] Timestamp: 2026-06-11T17:58:04.974Z @ https://app.dev.dap.daedalusindustrial.com/_next/static/chunks/fddda99813b76125.js:0
[   44130ms] [LOG] Request Headers: {Accept: application/json, text/plain, */*, Content-Type: application/json} @ https://app.dev.dap.daedalusindustrial.com/_next/static/chunks/fddda99813b76125.js:0
[   44130ms] [LOG] Response: {statusCode: 200, message: Array(1), data: Object} @ https://app.dev.dap.daedalusindustrial.com/_next/static/chunks/fddda99813b76125.js:0
[   44130ms] [INFO] Timestamp: 2026-06-11T17:58:04.974Z @ https://app.dev.dap.daedalusindustrial.com/_next/static/chunks/d71642e308c712bf.js:0
[   44130ms] [INFO] Metadata: {requestId: req_1781200684451_0010, method: GET, url: /io-modules/paginated, status: 200, duration: 523} @ https://app.dev.dap.daedalusindustrial.com/_next/static/chunks/d71642e308c712bf.js:0
