[     803ms] [LOG] Timestamp: 2026-06-11T18:18:48.200Z @ https://app.dev.dap.daedalusindustrial.com/_next/static/chunks/fddda99813b76125.js:0
[     803ms] [LOG] Request Headers: {Accept: application/json, text/plain, */*, Content-Type: application/json} @ https://app.dev.dap.daedalusindustrial.com/_next/static/chunks/fddda99813b76125.js:0
[     803ms] [LOG] Response: {statusCode: 200, message: Array(1), data: Object} @ https://app.dev.dap.daedalusindustrial.com/_next/static/chunks/fddda99813b76125.js:0
[     803ms] [INFO] Timestamp: 2026-06-11T18:18:48.200Z @ https://app.dev.dap.daedalusindustrial.com/_next/static/chunks/d71642e308c712bf.js:0
[     803ms] [INFO] Metadata: {requestId: req_1781201927767_0002, method: GET, url: /profile/me, status: 200, duration: 433} @ https://app.dev.dap.daedalusindustrial.com/_next/static/chunks/d71642e308c712bf.js:0
[     815ms] [LOG] Timestamp: 2026-06-11T18:18:48.212Z @ https://app.dev.dap.daedalusindustrial.com/_next/static/chunks/fddda99813b76125.js:0
[     815ms] [LOG] Request Headers: {Accept: application/json, text/plain, */*, Content-Type: application/json} @ https://app.dev.dap.daedalusindustrial.com/_next/static/chunks/fddda99813b76125.js:0
[     815ms] [LOG] Response: {statusCode: 200, message: Array(1), data: Object} @ https://app.dev.dap.daedalusindustrial.com/_next/static/chunks/fddda99813b76125.js:0
[     815ms] [INFO] Timestamp: 2026-06-11T18:18:48.212Z @ https://app.dev.dap.daedalusindustrial.com/_next/static/chunks/d71642e308c712bf.js:0
[     815ms] [INFO] Metadata: {requestId: req_1781201927767_0005, method: GET, url: /io-modules/paginated, status: 200, duration: 445} @ https://app.dev.dap.daedalusindustrial.com/_next/static/chunks/d71642e308c712bf.js:0
[     884ms] [LOG] Timestamp: 2026-06-11T18:18:48.281Z @ https://app.dev.dap.daedalusindustrial.com/_next/static/chunks/fddda99813b76125.js:0
[     884ms] [LOG] Request Headers: {Accept: application/json, text/plain, */*, Content-Type: application/json} @ https://app.dev.dap.daedalusindustrial.com/_next/static/chunks/fddda99813b76125.js:0
[     884ms] [LOG] Response: {statusCode: 200, message: Array(1), data: Object} @ https://app.dev.dap.daedalusindustrial.com/_next/static/chunks/fddda99813b76125.js:0
[     884ms] [INFO] Timestamp: 2026-06-11T18:18:48.281Z @ https://app.dev.dap.daedalusindustrial.com/_next/static/chunks/d71642e308c712bf.js:0
[     885ms] [INFO] Metadata: {requestId: req_1781201927767_0003, method: GET, url: /parts/manufacturers, status: 200, duration: 514} @ https://app.dev.dap.daedalusindustrial.com/_next/static/chunks/d71642e308c712bf.js:0
[     892ms] [LOG] Timestamp: 2026-06-11T18:18:48.290Z @ https://app.dev.dap.daedalusindustrial.com/_next/static/chunks/fddda99813b76125.js:0
[     892ms] [LOG] Request Headers: {Accept: application/json, text/plain, */*, Content-Type: application/json} @ https://app.dev.dap.daedalusindustrial.com/_next/static/chunks/fddda99813b76125.js:0
[     893ms] [LOG] Response: {statusCode: 200, message: Array(1), data: Object} @ https://app.dev.dap.daedalusindustrial.com/_next/static/chunks/fddda99813b76125.js:0
[     893ms] [INFO] Timestamp: 2026-06-11T18:18:48.290Z @ https://app.dev.dap.daedalusindustrial.com/_next/static/chunks/d71642e308c712bf.js:0
[     893ms] [INFO] Metadata: {requestId: req_1781201927767_0004, method: GET, url: /parts/families, status: 200, duration: 523} @ https://app.dev.dap.daedalusindustrial.com/_next/static/chunks/d71642e308c712bf.js:0
[     945ms] [LOG] Timestamp: 2026-06-11T18:18:48.342Z @ https://app.dev.dap.daedalusindustrial.com/_next/static/chunks/fddda99813b76125.js:0
[     945ms] [LOG] Request Headers: {Accept: application/json, text/plain, */*, Content-Type: application/json} @ https://app.dev.dap.daedalusindustrial.com/_next/static/chunks/fddda99813b76125.js:0
[     945ms] [LOG] Response: {statusCode: 200, message: Array(1), data: Object} @ https://app.dev.dap.daedalusindustrial.com/_next/static/chunks/fddda99813b76125.js:0
[     945ms] [INFO] Timestamp: 2026-06-11T18:18:48.342Z @ https://app.dev.dap.daedalusindustrial.com/_next/static/chunks/d71642e308c712bf.js:0
[     945ms] [INFO] Metadata: {requestId: req_1781201927767_0001, method: GET, url: /modules, status: 200, duration: 575} @ https://app.dev.dap.daedalusindustrial.com/_next/static/chunks/d71642e308c712bf.js:0
[   24746ms] [LOG] Timestamp: 2026-06-11T18:19:12.144Z @ https://app.dev.dap.daedalusindustrial.com/_next/static/chunks/fddda99813b76125.js:0
[   24746ms] [LOG] Request Headers: {Accept: application/json, text/plain, */*, Content-Type: application/json} @ https://app.dev.dap.daedalusindustrial.com/_next/static/chunks/fddda99813b76125.js:0
[   24746ms] [LOG] Response: {statusCode: 200, message: Array(1), data: Object} @ https://app.dev.dap.daedalusindustrial.com/_next/static/chunks/fddda99813b76125.js:0
[   24747ms] [INFO] Timestamp: 2026-06-11T18:19:12.144Z @ https://app.dev.dap.daedalusindustrial.com/_next/static/chunks/d71642e308c712bf.js:0
[   24747ms] [INFO] Metadata: {requestId: req_1781201951618_0006, method: GET, url: /io-modules/paginated, status: 200, duration: 526} @ https://app.dev.dap.daedalusindustrial.com/_next/static/chunks/d71642e308c712bf.js:0
